[2026-01-18 00:08:58] production.ERROR: PHP Parse error: Syntax error, unexpected '=' on line 5 {"exception":"[object] (Psy\\Exception\\ParseErrorException(code: 0): PHP Parse error: Syntax error, unexpected '=' on line 5 at /home/seke9323/ksl.kenamservices.net/vendor/psy/psysh/src/Exception/ParseErrorException.php:44)
[stacktrace]
#0 /home/seke9323/ksl.kenamservices.net/vendor/psy/psysh/src/CodeCleaner.php(306): Psy\\Exception\\ParseErrorException::fromParseError()
#1 /home/seke9323/ksl.kenamservices.net/vendor/psy/psysh/src/CodeCleaner.php(240): Psy\\CodeCleaner->parse()
#2 /home/seke9323/ksl.kenamservices.net/vendor/psy/psysh/src/Shell.php(852): Psy\\CodeCleaner->clean()
#3 /home/seke9323/ksl.kenamservices.net/vendor/psy/psysh/src/Shell.php(881): Psy\\Shell->addCode()
#4 /home/seke9323/ksl.kenamservices.net/vendor/psy/psysh/src/Shell.php(1394): Psy\\Shell->setCode()
#5 /home/seke9323/ksl.kenamservices.net/vendor/laravel/tinker/src/Console/TinkerCommand.php(76): Psy\\Shell->execute()
#6 /home/seke9323/ksl.kenamservices.net/vendor/laravel/framework/src/Illuminate/Container/BoundMethod.php(36): Laravel\\Tinker\\Console\\TinkerCommand->handle()
#7 /home/seke9323/ksl.kenamservices.net/vendor/laravel/framework/src/Illuminate/Container/Util.php(43): Illuminate\\Container\\BoundMethod::Illuminate\\Container\\{closure}()
#8 /home/seke9323/ksl.kenamservices.net/vendor/laravel/framework/src/Illuminate/Container/BoundMethod.php(95): Illuminate\\Container\\Util::unwrapIfClosure()
#9 /home/seke9323/ksl.kenamservices.net/vendor/laravel/framework/src/Illuminate/Container/BoundMethod.php(35): Illuminate\\Container\\BoundMethod::callBoundMethod()
#10 /home/seke9323/ksl.kenamservices.net/vendor/laravel/framework/src/Illuminate/Container/Container.php(696): Illuminate\\Container\\BoundMethod::call()
#11 /home/seke9323/ksl.kenamservices.net/vendor/laravel/framework/src/Illuminate/Console/Command.php(213): Illuminate\\Container\\Container->call()
#12 /home/seke9323/ksl.kenamservices.net/vendor/symfony/console/Command/Command.php(318): Illuminate\\Console\\Command->execute()
#13 /home/seke9323/ksl.kenamservices.net/vendor/laravel/framework/src/Illuminate/Console/Command.php(182): Symfony\\Component\\Console\\Command\\Command->run()
#14 /home/seke9323/ksl.kenamservices.net/vendor/symfony/console/Application.php(1110): Illuminate\\Console\\Command->run()
#15 /home/seke9323/ksl.kenamservices.net/vendor/symfony/console/Application.php(359): Symfony\\Component\\Console\\Application->doRunCommand()
#16 /home/seke9323/ksl.kenamservices.net/vendor/symfony/console/Application.php(194): Symfony\\Component\\Console\\Application->doRun()
#17 /home/seke9323/ksl.kenamservices.net/vendor/laravel/framework/src/Illuminate/Foundation/Console/Kernel.php(198): Symfony\\Component\\Console\\Application->run()
#18 /home/seke9323/ksl.kenamservices.net/vendor/laravel/framework/src/Illuminate/Foundation/Application.php(1235): Illuminate\\Foundation\\Console\\Kernel->handle()
#19 /home/seke9323/ksl.kenamservices.net/artisan(13): Illuminate\\Foundation\\Application->handleCommand()
#20 {main}
"} 
[2026-01-18 13:05:23] production.ERROR: Command "migratephp" is not defined.

Did you mean one of these?
    migrate
    migrate:fresh
    migrate:install
    migrate:refresh
    migrate:reset
    migrate:rollback
    migrate:status {"exception":"[object] (Symfony\\Component\\Console\\Exception\\CommandNotFoundException(code: 0): Command \"migratephp\" is not defined.

Did you mean one of these?
    migrate
    migrate:fresh
    migrate:install
    migrate:refresh
    migrate:reset
    migrate:rollback
    migrate:status at /home/seke9323/ksl.kenamservices.net/vendor/symfony/console/Application.php:743)
[stacktrace]
#0 /home/seke9323/ksl.kenamservices.net/vendor/symfony/console/Application.php(301): Symfony\\Component\\Console\\Application->find()
#1 /home/seke9323/ksl.kenamservices.net/vendor/symfony/console/Application.php(194): Symfony\\Component\\Console\\Application->doRun()
#2 /home/seke9323/ksl.kenamservices.net/vendor/laravel/framework/src/Illuminate/Foundation/Console/Kernel.php(198): Symfony\\Component\\Console\\Application->run()
#3 /home/seke9323/ksl.kenamservices.net/vendor/laravel/framework/src/Illuminate/Foundation/Application.php(1235): Illuminate\\Foundation\\Console\\Kernel->handle()
#4 /home/seke9323/ksl.kenamservices.net/artisan(13): Illuminate\\Foundation\\Application->handleCommand()
#5 {main}
"} 
[2026-01-18 13:09:33] production.ERROR: File does not exist at path /home/seke9323/ksl.kenamservices.net/database/migrations/votre_fichier_de_migration_des_sessions.php. {"exception":"[object] (Illuminate\\Contracts\\Filesystem\\FileNotFoundException(code: 0): File does not exist at path /home/seke9323/ksl.kenamservices.net/database/migrations/votre_fichier_de_migration_des_sessions.php. at /home/seke9323/ksl.kenamservices.net/vendor/laravel/framework/src/Illuminate/Filesystem/Filesystem.php:152)
[stacktrace]
#0 /home/seke9323/ksl.kenamservices.net/vendor/laravel/framework/src/Illuminate/Database/Migrations/Migrator.php(588): Illuminate\\Filesystem\\Filesystem->requireOnce()
#1 /home/seke9323/ksl.kenamservices.net/vendor/laravel/framework/src/Illuminate/Database/Migrations/Migrator.php(131): Illuminate\\Database\\Migrations\\Migrator->requireFiles()
#2 /home/seke9323/ksl.kenamservices.net/vendor/laravel/framework/src/Illuminate/Database/Console/Migrations/MigrateCommand.php(117): Illuminate\\Database\\Migrations\\Migrator->run()
#3 /home/seke9323/ksl.kenamservices.net/vendor/laravel/framework/src/Illuminate/Database/Migrations/Migrator.php(658): Illuminate\\Database\\Console\\Migrations\\MigrateCommand->Illuminate\\Database\\Console\\Migrations\\{closure}()
#4 /home/seke9323/ksl.kenamservices.net/vendor/laravel/framework/src/Illuminate/Database/Console/Migrations/MigrateCommand.php(110): Illuminate\\Database\\Migrations\\Migrator->usingConnection()
#5 /home/seke9323/ksl.kenamservices.net/vendor/laravel/framework/src/Illuminate/Database/Console/Migrations/MigrateCommand.php(89): Illuminate\\Database\\Console\\Migrations\\MigrateCommand->runMigrations()
#6 /home/seke9323/ksl.kenamservices.net/vendor/laravel/framework/src/Illuminate/Container/BoundMethod.php(36): Illuminate\\Database\\Console\\Migrations\\MigrateCommand->handle()
#7 /home/seke9323/ksl.kenamservices.net/vendor/laravel/framework/src/Illuminate/Container/Util.php(43): Illuminate\\Container\\BoundMethod::Illuminate\\Container\\{closure}()
#8 /home/seke9323/ksl.kenamservices.net/vendor/laravel/framework/src/Illuminate/Container/BoundMethod.php(95): Illuminate\\Container\\Util::unwrapIfClosure()
#9 /home/seke9323/ksl.kenamservices.net/vendor/laravel/framework/src/Illuminate/Container/BoundMethod.php(35): Illuminate\\Container\\BoundMethod::callBoundMethod()
#10 /home/seke9323/ksl.kenamservices.net/vendor/laravel/framework/src/Illuminate/Container/Container.php(696): Illuminate\\Container\\BoundMethod::call()
#11 /home/seke9323/ksl.kenamservices.net/vendor/laravel/framework/src/Illuminate/Console/Command.php(213): Illuminate\\Container\\Container->call()
#12 /home/seke9323/ksl.kenamservices.net/vendor/symfony/console/Command/Command.php(318): Illuminate\\Console\\Command->execute()
#13 /home/seke9323/ksl.kenamservices.net/vendor/laravel/framework/src/Illuminate/Console/Command.php(182): Symfony\\Component\\Console\\Command\\Command->run()
#14 /home/seke9323/ksl.kenamservices.net/vendor/symfony/console/Application.php(1110): Illuminate\\Console\\Command->run()
#15 /home/seke9323/ksl.kenamservices.net/vendor/symfony/console/Application.php(359): Symfony\\Component\\Console\\Application->doRunCommand()
#16 /home/seke9323/ksl.kenamservices.net/vendor/symfony/console/Application.php(194): Symfony\\Component\\Console\\Application->doRun()
#17 /home/seke9323/ksl.kenamservices.net/vendor/laravel/framework/src/Illuminate/Foundation/Console/Kernel.php(198): Symfony\\Component\\Console\\Application->run()
#18 /home/seke9323/ksl.kenamservices.net/vendor/laravel/framework/src/Illuminate/Foundation/Application.php(1235): Illuminate\\Foundation\\Console\\Kernel->handle()
#19 /home/seke9323/ksl.kenamservices.net/artisan(13): Illuminate\\Foundation\\Application->handleCommand()
#20 {main}
"} 
[2026-01-18 13:11:23] production.ERROR: Command "env:set" is not defined.

Did you mean one of these?
    auth:clear-resets
    env
    env:decrypt
    env:encrypt
    migrate:reset {"exception":"[object] (Symfony\\Component\\Console\\Exception\\CommandNotFoundException(code: 0): Command \"env:set\" is not defined.

Did you mean one of these?
    auth:clear-resets
    env
    env:decrypt
    env:encrypt
    migrate:reset at /home/seke9323/ksl.kenamservices.net/vendor/symfony/console/Application.php:743)
[stacktrace]
#0 /home/seke9323/ksl.kenamservices.net/vendor/symfony/console/Application.php(301): Symfony\\Component\\Console\\Application->find()
#1 /home/seke9323/ksl.kenamservices.net/vendor/symfony/console/Application.php(194): Symfony\\Component\\Console\\Application->doRun()
#2 /home/seke9323/ksl.kenamservices.net/vendor/laravel/framework/src/Illuminate/Foundation/Console/Kernel.php(198): Symfony\\Component\\Console\\Application->run()
#3 /home/seke9323/ksl.kenamservices.net/vendor/laravel/framework/src/Illuminate/Foundation/Application.php(1235): Illuminate\\Foundation\\Console\\Kernel->handle()
#4 /home/seke9323/ksl.kenamservices.net/artisan(13): Illuminate\\Foundation\\Application->handleCommand()
#5 {main}
"} 
[2026-01-18 13:22:22] production.ERROR: File does not exist at path /home/seke9323/ksl.kenamservices.net/database/migrations/votre_fichier_de_migration_des_sessions.php. {"exception":"[object] (Illuminate\\Contracts\\Filesystem\\FileNotFoundException(code: 0): File does not exist at path /home/seke9323/ksl.kenamservices.net/database/migrations/votre_fichier_de_migration_des_sessions.php. at /home/seke9323/ksl.kenamservices.net/vendor/laravel/framework/src/Illuminate/Filesystem/Filesystem.php:152)
[stacktrace]
#0 /home/seke9323/ksl.kenamservices.net/vendor/laravel/framework/src/Illuminate/Database/Migrations/Migrator.php(588): Illuminate\\Filesystem\\Filesystem->requireOnce()
#1 /home/seke9323/ksl.kenamservices.net/vendor/laravel/framework/src/Illuminate/Database/Migrations/Migrator.php(131): Illuminate\\Database\\Migrations\\Migrator->requireFiles()
#2 /home/seke9323/ksl.kenamservices.net/vendor/laravel/framework/src/Illuminate/Database/Console/Migrations/MigrateCommand.php(117): Illuminate\\Database\\Migrations\\Migrator->run()
#3 /home/seke9323/ksl.kenamservices.net/vendor/laravel/framework/src/Illuminate/Database/Migrations/Migrator.php(658): Illuminate\\Database\\Console\\Migrations\\MigrateCommand->Illuminate\\Database\\Console\\Migrations\\{closure}()
#4 /home/seke9323/ksl.kenamservices.net/vendor/laravel/framework/src/Illuminate/Database/Console/Migrations/MigrateCommand.php(110): Illuminate\\Database\\Migrations\\Migrator->usingConnection()
#5 /home/seke9323/ksl.kenamservices.net/vendor/laravel/framework/src/Illuminate/Database/Console/Migrations/MigrateCommand.php(89): Illuminate\\Database\\Console\\Migrations\\MigrateCommand->runMigrations()
#6 /home/seke9323/ksl.kenamservices.net/vendor/laravel/framework/src/Illuminate/Container/BoundMethod.php(36): Illuminate\\Database\\Console\\Migrations\\MigrateCommand->handle()
#7 /home/seke9323/ksl.kenamservices.net/vendor/laravel/framework/src/Illuminate/Container/Util.php(43): Illuminate\\Container\\BoundMethod::Illuminate\\Container\\{closure}()
#8 /home/seke9323/ksl.kenamservices.net/vendor/laravel/framework/src/Illuminate/Container/BoundMethod.php(95): Illuminate\\Container\\Util::unwrapIfClosure()
#9 /home/seke9323/ksl.kenamservices.net/vendor/laravel/framework/src/Illuminate/Container/BoundMethod.php(35): Illuminate\\Container\\BoundMethod::callBoundMethod()
#10 /home/seke9323/ksl.kenamservices.net/vendor/laravel/framework/src/Illuminate/Container/Container.php(696): Illuminate\\Container\\BoundMethod::call()
#11 /home/seke9323/ksl.kenamservices.net/vendor/laravel/framework/src/Illuminate/Console/Command.php(213): Illuminate\\Container\\Container->call()
#12 /home/seke9323/ksl.kenamservices.net/vendor/symfony/console/Command/Command.php(318): Illuminate\\Console\\Command->execute()
#13 /home/seke9323/ksl.kenamservices.net/vendor/laravel/framework/src/Illuminate/Console/Command.php(182): Symfony\\Component\\Console\\Command\\Command->run()
#14 /home/seke9323/ksl.kenamservices.net/vendor/symfony/console/Application.php(1110): Illuminate\\Console\\Command->run()
#15 /home/seke9323/ksl.kenamservices.net/vendor/symfony/console/Application.php(359): Symfony\\Component\\Console\\Application->doRunCommand()
#16 /home/seke9323/ksl.kenamservices.net/vendor/symfony/console/Application.php(194): Symfony\\Component\\Console\\Application->doRun()
#17 /home/seke9323/ksl.kenamservices.net/vendor/laravel/framework/src/Illuminate/Foundation/Console/Kernel.php(198): Symfony\\Component\\Console\\Application->run()
#18 /home/seke9323/ksl.kenamservices.net/vendor/laravel/framework/src/Illuminate/Foundation/Application.php(1235): Illuminate\\Foundation\\Console\\Kernel->handle()
#19 /home/seke9323/ksl.kenamservices.net/artisan(13): Illuminate\\Foundation\\Application->handleCommand()
#20 {main}
"} 
[2026-01-18 13:24:52] production.ERROR: SQLSTATE[42S01]: Base table or view already exists: 1050 Table 'sessions' already exists (Connection: mysql, SQL: create table `sessions` (`id` varchar(255) not null, `user_id` bigint unsigned null, `ip_address` varchar(45) null, `user_agent` text null, `payload` longtext not null, `last_activity` int not null, primary key (`id`)) default character set utf8mb4 collate 'utf8mb4_unicode_ci') {"exception":"[object] (Illuminate\\Database\\QueryException(code: 42S01): SQLSTATE[42S01]: Base table or view already exists: 1050 Table 'sessions' already exists (Connection: mysql, SQL: create table `sessions` (`id` varchar(255) not null, `user_id` bigint unsigned null, `ip_address` varchar(45) null, `user_agent` text null, `payload` longtext not null, `last_activity` int not null, primary key (`id`)) default character set utf8mb4 collate 'utf8mb4_unicode_ci') at /home/seke9323/ksl.kenamservices.net/vendor/laravel/framework/src/Illuminate/Database/Connection.php:825)
[stacktrace]
#0 /home/seke9323/ksl.kenamservices.net/vendor/laravel/framework/src/Illuminate/Database/Connection.php(779): Illuminate\\Database\\Connection->runQueryCallback()
#1 /home/seke9323/ksl.kenamservices.net/vendor/laravel/framework/src/Illuminate/Database/Connection.php(560): Illuminate\\Database\\Connection->run()
#2 /home/seke9323/ksl.kenamservices.net/vendor/laravel/framework/src/Illuminate/Database/Schema/Blueprint.php(118): Illuminate\\Database\\Connection->statement()
#3 /home/seke9323/ksl.kenamservices.net/vendor/laravel/framework/src/Illuminate/Database/Schema/Builder.php(564): Illuminate\\Database\\Schema\\Blueprint->build()
#4 /home/seke9323/ksl.kenamservices.net/vendor/laravel/framework/src/Illuminate/Database/Schema/Builder.php(418): Illuminate\\Database\\Schema\\Builder->build()
#5 /home/seke9323/ksl.kenamservices.net/vendor/laravel/framework/src/Illuminate/Support/Facades/Facade.php(361): Illuminate\\Database\\Schema\\Builder->create()
#6 /home/seke9323/ksl.kenamservices.net/database/migrations/2026_01_18_132317_create_sessions_table.php(11): Illuminate\\Support\\Facades\\Facade::__callStatic()
#7 /home/seke9323/ksl.kenamservices.net/vendor/laravel/framework/src/Illuminate/Database/Migrations/Migrator.php(507): Illuminate\\Database\\Migrations\\Migration@anonymous->up()
#8 /home/seke9323/ksl.kenamservices.net/vendor/laravel/framework/src/Illuminate/Database/Migrations/Migrator.php(432): Illuminate\\Database\\Migrations\\Migrator->runMethod()
#9 /home/seke9323/ksl.kenamservices.net/vendor/laravel/framework/src/Illuminate/Database/Migrations/Migrator.php(441): Illuminate\\Database\\Migrations\\Migrator->Illuminate\\Database\\Migrations\\{closure}()
#10 /home/seke9323/ksl.kenamservices.net/vendor/laravel/framework/src/Illuminate/Database/Migrations/Migrator.php(244): Illuminate\\Database\\Migrations\\Migrator->runMigration()
#11 /home/seke9323/ksl.kenamservices.net/vendor/laravel/framework/src/Illuminate/Console/View/Components/Task.php(40): Illuminate\\Database\\Migrations\\Migrator->Illuminate\\Database\\Migrations\\{closure}()
#12 /home/seke9323/ksl.kenamservices.net/vendor/laravel/framework/src/Illuminate/Database/Migrations/Migrator.php(798): Illuminate\\Console\\View\\Components\\Task->render()
#13 /home/seke9323/ksl.kenamservices.net/vendor/laravel/framework/src/Illuminate/Database/Migrations/Migrator.php(244): Illuminate\\Database\\Migrations\\Migrator->write()
#14 /home/seke9323/ksl.kenamservices.net/vendor/laravel/framework/src/Illuminate/Database/Migrations/Migrator.php(211): Illuminate\\Database\\Migrations\\Migrator->runUp()
#15 /home/seke9323/ksl.kenamservices.net/vendor/laravel/framework/src/Illuminate/Database/Migrations/Migrator.php(138): Illuminate\\Database\\Migrations\\Migrator->runPending()
#16 /home/seke9323/ksl.kenamservices.net/vendor/laravel/framework/src/Illuminate/Database/Console/Migrations/MigrateCommand.php(117): Illuminate\\Database\\Migrations\\Migrator->run()
#17 /home/seke9323/ksl.kenamservices.net/vendor/laravel/framework/src/Illuminate/Database/Migrations/Migrator.php(658): Illuminate\\Database\\Console\\Migrations\\MigrateCommand->Illuminate\\Database\\Console\\Migrations\\{closure}()
#18 /home/seke9323/ksl.kenamservices.net/vendor/laravel/framework/src/Illuminate/Database/Console/Migrations/MigrateCommand.php(110): Illuminate\\Database\\Migrations\\Migrator->usingConnection()
#19 /home/seke9323/ksl.kenamservices.net/vendor/laravel/framework/src/Illuminate/Database/Console/Migrations/MigrateCommand.php(89): Illuminate\\Database\\Console\\Migrations\\MigrateCommand->runMigrations()
#20 /home/seke9323/ksl.kenamservices.net/vendor/laravel/framework/src/Illuminate/Container/BoundMethod.php(36): Illuminate\\Database\\Console\\Migrations\\MigrateCommand->handle()
#21 /home/seke9323/ksl.kenamservices.net/vendor/laravel/framework/src/Illuminate/Container/Util.php(43): Illuminate\\Container\\BoundMethod::Illuminate\\Container\\{closure}()
#22 /home/seke9323/ksl.kenamservices.net/vendor/laravel/framework/src/Illuminate/Container/BoundMethod.php(95): Illuminate\\Container\\Util::unwrapIfClosure()
#23 /home/seke9323/ksl.kenamservices.net/vendor/laravel/framework/src/Illuminate/Container/BoundMethod.php(35): Illuminate\\Container\\BoundMethod::callBoundMethod()
#24 /home/seke9323/ksl.kenamservices.net/vendor/laravel/framework/src/Illuminate/Container/Container.php(696): Illuminate\\Container\\BoundMethod::call()
#25 /home/seke9323/ksl.kenamservices.net/vendor/laravel/framework/src/Illuminate/Console/Command.php(213): Illuminate\\Container\\Container->call()
#26 /home/seke9323/ksl.kenamservices.net/vendor/symfony/console/Command/Command.php(318): Illuminate\\Console\\Command->execute()
#27 /home/seke9323/ksl.kenamservices.net/vendor/laravel/framework/src/Illuminate/Console/Command.php(182): Symfony\\Component\\Console\\Command\\Command->run()
#28 /home/seke9323/ksl.kenamservices.net/vendor/symfony/console/Application.php(1110): Illuminate\\Console\\Command->run()
#29 /home/seke9323/ksl.kenamservices.net/vendor/symfony/console/Application.php(359): Symfony\\Component\\Console\\Application->doRunCommand()
#30 /home/seke9323/ksl.kenamservices.net/vendor/symfony/console/Application.php(194): Symfony\\Component\\Console\\Application->doRun()
#31 /home/seke9323/ksl.kenamservices.net/vendor/laravel/framework/src/Illuminate/Foundation/Console/Kernel.php(198): Symfony\\Component\\Console\\Application->run()
#32 /home/seke9323/ksl.kenamservices.net/vendor/laravel/framework/src/Illuminate/Foundation/Application.php(1235): Illuminate\\Foundation\\Console\\Kernel->handle()
#33 /home/seke9323/ksl.kenamservices.net/artisan(13): Illuminate\\Foundation\\Application->handleCommand()
#34 {main}

[previous exception] [object] (PDOException(code: 42S01): SQLSTATE[42S01]: Base table or view already exists: 1050 Table 'sessions' already exists at /home/seke9323/ksl.kenamservices.net/vendor/laravel/framework/src/Illuminate/Database/Connection.php:571)
[stacktrace]
#0 /home/seke9323/ksl.kenamservices.net/vendor/laravel/framework/src/Illuminate/Database/Connection.php(571): PDOStatement->execute()
#1 /home/seke9323/ksl.kenamservices.net/vendor/laravel/framework/src/Illuminate/Database/Connection.php(812): Illuminate\\Database\\Connection->Illuminate\\Database\\{closure}()
#2 /home/seke9323/ksl.kenamservices.net/vendor/laravel/framework/src/Illuminate/Database/Connection.php(779): Illuminate\\Database\\Connection->runQueryCallback()
#3 /home/seke9323/ksl.kenamservices.net/vendor/laravel/framework/src/Illuminate/Database/Connection.php(560): Illuminate\\Database\\Connection->run()
#4 /home/seke9323/ksl.kenamservices.net/vendor/laravel/framework/src/Illuminate/Database/Schema/Blueprint.php(118): Illuminate\\Database\\Connection->statement()
#5 /home/seke9323/ksl.kenamservices.net/vendor/laravel/framework/src/Illuminate/Database/Schema/Builder.php(564): Illuminate\\Database\\Schema\\Blueprint->build()
#6 /home/seke9323/ksl.kenamservices.net/vendor/laravel/framework/src/Illuminate/Database/Schema/Builder.php(418): Illuminate\\Database\\Schema\\Builder->build()
#7 /home/seke9323/ksl.kenamservices.net/vendor/laravel/framework/src/Illuminate/Support/Facades/Facade.php(361): Illuminate\\Database\\Schema\\Builder->create()
#8 /home/seke9323/ksl.kenamservices.net/database/migrations/2026_01_18_132317_create_sessions_table.php(11): Illuminate\\Support\\Facades\\Facade::__callStatic()
#9 /home/seke9323/ksl.kenamservices.net/vendor/laravel/framework/src/Illuminate/Database/Migrations/Migrator.php(507): Illuminate\\Database\\Migrations\\Migration@anonymous->up()
#10 /home/seke9323/ksl.kenamservices.net/vendor/laravel/framework/src/Illuminate/Database/Migrations/Migrator.php(432): Illuminate\\Database\\Migrations\\Migrator->runMethod()
#11 /home/seke9323/ksl.kenamservices.net/vendor/laravel/framework/src/Illuminate/Database/Migrations/Migrator.php(441): Illuminate\\Database\\Migrations\\Migrator->Illuminate\\Database\\Migrations\\{closure}()
#12 /home/seke9323/ksl.kenamservices.net/vendor/laravel/framework/src/Illuminate/Database/Migrations/Migrator.php(244): Illuminate\\Database\\Migrations\\Migrator->runMigration()
#13 /home/seke9323/ksl.kenamservices.net/vendor/laravel/framework/src/Illuminate/Console/View/Components/Task.php(40): Illuminate\\Database\\Migrations\\Migrator->Illuminate\\Database\\Migrations\\{closure}()
#14 /home/seke9323/ksl.kenamservices.net/vendor/laravel/framework/src/Illuminate/Database/Migrations/Migrator.php(798): Illuminate\\Console\\View\\Components\\Task->render()
#15 /home/seke9323/ksl.kenamservices.net/vendor/laravel/framework/src/Illuminate/Database/Migrations/Migrator.php(244): Illuminate\\Database\\Migrations\\Migrator->write()
#16 /home/seke9323/ksl.kenamservices.net/vendor/laravel/framework/src/Illuminate/Database/Migrations/Migrator.php(211): Illuminate\\Database\\Migrations\\Migrator->runUp()
#17 /home/seke9323/ksl.kenamservices.net/vendor/laravel/framework/src/Illuminate/Database/Migrations/Migrator.php(138): Illuminate\\Database\\Migrations\\Migrator->runPending()
#18 /home/seke9323/ksl.kenamservices.net/vendor/laravel/framework/src/Illuminate/Database/Console/Migrations/MigrateCommand.php(117): Illuminate\\Database\\Migrations\\Migrator->run()
#19 /home/seke9323/ksl.kenamservices.net/vendor/laravel/framework/src/Illuminate/Database/Migrations/Migrator.php(658): Illuminate\\Database\\Console\\Migrations\\MigrateCommand->Illuminate\\Database\\Console\\Migrations\\{closure}()
#20 /home/seke9323/ksl.kenamservices.net/vendor/laravel/framework/src/Illuminate/Database/Console/Migrations/MigrateCommand.php(110): Illuminate\\Database\\Migrations\\Migrator->usingConnection()
#21 /home/seke9323/ksl.kenamservices.net/vendor/laravel/framework/src/Illuminate/Database/Console/Migrations/MigrateCommand.php(89): Illuminate\\Database\\Console\\Migrations\\MigrateCommand->runMigrations()
#22 /home/seke9323/ksl.kenamservices.net/vendor/laravel/framework/src/Illuminate/Container/BoundMethod.php(36): Illuminate\\Database\\Console\\Migrations\\MigrateCommand->handle()
#23 /home/seke9323/ksl.kenamservices.net/vendor/laravel/framework/src/Illuminate/Container/Util.php(43): Illuminate\\Container\\BoundMethod::Illuminate\\Container\\{closure}()
#24 /home/seke9323/ksl.kenamservices.net/vendor/laravel/framework/src/Illuminate/Container/BoundMethod.php(95): Illuminate\\Container\\Util::unwrapIfClosure()
#25 /home/seke9323/ksl.kenamservices.net/vendor/laravel/framework/src/Illuminate/Container/BoundMethod.php(35): Illuminate\\Container\\BoundMethod::callBoundMethod()
#26 /home/seke9323/ksl.kenamservices.net/vendor/laravel/framework/src/Illuminate/Container/Container.php(696): Illuminate\\Container\\BoundMethod::call()
#27 /home/seke9323/ksl.kenamservices.net/vendor/laravel/framework/src/Illuminate/Console/Command.php(213): Illuminate\\Container\\Container->call()
#28 /home/seke9323/ksl.kenamservices.net/vendor/symfony/console/Command/Command.php(318): Illuminate\\Console\\Command->execute()
#29 /home/seke9323/ksl.kenamservices.net/vendor/laravel/framework/src/Illuminate/Console/Command.php(182): Symfony\\Component\\Console\\Command\\Command->run()
#30 /home/seke9323/ksl.kenamservices.net/vendor/symfony/console/Application.php(1110): Illuminate\\Console\\Command->run()
#31 /home/seke9323/ksl.kenamservices.net/vendor/symfony/console/Application.php(359): Symfony\\Component\\Console\\Application->doRunCommand()
#32 /home/seke9323/ksl.kenamservices.net/vendor/symfony/console/Application.php(194): Symfony\\Component\\Console\\Application->doRun()
#33 /home/seke9323/ksl.kenamservices.net/vendor/laravel/framework/src/Illuminate/Foundation/Console/Kernel.php(198): Symfony\\Component\\Console\\Application->run()
#34 /home/seke9323/ksl.kenamservices.net/vendor/laravel/framework/src/Illuminate/Foundation/Application.php(1235): Illuminate\\Foundation\\Console\\Kernel->handle()
#35 /home/seke9323/ksl.kenamservices.net/artisan(13): Illuminate\\Foundation\\Application->handleCommand()
#36 {main}
"} 
[2026-01-18 13:28:09] production.ERROR: SQLSTATE[HY000]: General error: 1005 Can't create table `seke9323_kenam`.`depense_caisses` (errno: 150 "Foreign key constraint is incorrectly formed") (Connection: mysql, SQL: alter table `depense_caisses` add constraint `depense_caisses_compte_comptable_id_foreign` foreign key (`compte_comptable_id`) references `comptes_comptables` (`id`) on delete set null) {"exception":"[object] (Illuminate\\Database\\QueryException(code: HY000): SQLSTATE[HY000]: General error: 1005 Can't create table `seke9323_kenam`.`depense_caisses` (errno: 150 \"Foreign key constraint is incorrectly formed\") (Connection: mysql, SQL: alter table `depense_caisses` add constraint `depense_caisses_compte_comptable_id_foreign` foreign key (`compte_comptable_id`) references `comptes_comptables` (`id`) on delete set null) at /home/seke9323/ksl.kenamservices.net/vendor/laravel/framework/src/Illuminate/Database/Connection.php:825)
[stacktrace]
#0 /home/seke9323/ksl.kenamservices.net/vendor/laravel/framework/src/Illuminate/Database/Connection.php(779): Illuminate\\Database\\Connection->runQueryCallback()
#1 /home/seke9323/ksl.kenamservices.net/vendor/laravel/framework/src/Illuminate/Database/Connection.php(560): Illuminate\\Database\\Connection->run()
#2 /home/seke9323/ksl.kenamservices.net/vendor/laravel/framework/src/Illuminate/Database/Schema/Blueprint.php(118): Illuminate\\Database\\Connection->statement()
#3 /home/seke9323/ksl.kenamservices.net/vendor/laravel/framework/src/Illuminate/Database/Schema/Builder.php(564): Illuminate\\Database\\Schema\\Blueprint->build()
#4 /home/seke9323/ksl.kenamservices.net/vendor/laravel/framework/src/Illuminate/Database/Schema/Builder.php(406): Illuminate\\Database\\Schema\\Builder->build()
#5 /home/seke9323/ksl.kenamservices.net/vendor/laravel/framework/src/Illuminate/Support/Facades/Facade.php(361): Illuminate\\Database\\Schema\\Builder->table()
#6 /home/seke9323/ksl.kenamservices.net/database/migrations/2025_11_26_141200_update_depense_caisses_table.php(18): Illuminate\\Support\\Facades\\Facade::__callStatic()
#7 /home/seke9323/ksl.kenamservices.net/vendor/laravel/framework/src/Illuminate/Database/Migrations/Migrator.php(507): Illuminate\\Database\\Migrations\\Migration@anonymous->up()
#8 /home/seke9323/ksl.kenamservices.net/vendor/laravel/framework/src/Illuminate/Database/Migrations/Migrator.php(432): Illuminate\\Database\\Migrations\\Migrator->runMethod()
#9 /home/seke9323/ksl.kenamservices.net/vendor/laravel/framework/src/Illuminate/Database/Migrations/Migrator.php(441): Illuminate\\Database\\Migrations\\Migrator->Illuminate\\Database\\Migrations\\{closure}()
#10 /home/seke9323/ksl.kenamservices.net/vendor/laravel/framework/src/Illuminate/Database/Migrations/Migrator.php(244): Illuminate\\Database\\Migrations\\Migrator->runMigration()
#11 /home/seke9323/ksl.kenamservices.net/vendor/laravel/framework/src/Illuminate/Console/View/Components/Task.php(40): Illuminate\\Database\\Migrations\\Migrator->Illuminate\\Database\\Migrations\\{closure}()
#12 /home/seke9323/ksl.kenamservices.net/vendor/laravel/framework/src/Illuminate/Database/Migrations/Migrator.php(798): Illuminate\\Console\\View\\Components\\Task->render()
#13 /home/seke9323/ksl.kenamservices.net/vendor/laravel/framework/src/Illuminate/Database/Migrations/Migrator.php(244): Illuminate\\Database\\Migrations\\Migrator->write()
#14 /home/seke9323/ksl.kenamservices.net/vendor/laravel/framework/src/Illuminate/Database/Migrations/Migrator.php(211): Illuminate\\Database\\Migrations\\Migrator->runUp()
#15 /home/seke9323/ksl.kenamservices.net/vendor/laravel/framework/src/Illuminate/Database/Migrations/Migrator.php(138): Illuminate\\Database\\Migrations\\Migrator->runPending()
#16 /home/seke9323/ksl.kenamservices.net/vendor/laravel/framework/src/Illuminate/Database/Console/Migrations/MigrateCommand.php(117): Illuminate\\Database\\Migrations\\Migrator->run()
#17 /home/seke9323/ksl.kenamservices.net/vendor/laravel/framework/src/Illuminate/Database/Migrations/Migrator.php(658): Illuminate\\Database\\Console\\Migrations\\MigrateCommand->Illuminate\\Database\\Console\\Migrations\\{closure}()
#18 /home/seke9323/ksl.kenamservices.net/vendor/laravel/framework/src/Illuminate/Database/Console/Migrations/MigrateCommand.php(110): Illuminate\\Database\\Migrations\\Migrator->usingConnection()
#19 /home/seke9323/ksl.kenamservices.net/vendor/laravel/framework/src/Illuminate/Database/Console/Migrations/MigrateCommand.php(89): Illuminate\\Database\\Console\\Migrations\\MigrateCommand->runMigrations()
#20 /home/seke9323/ksl.kenamservices.net/vendor/laravel/framework/src/Illuminate/Container/BoundMethod.php(36): Illuminate\\Database\\Console\\Migrations\\MigrateCommand->handle()
#21 /home/seke9323/ksl.kenamservices.net/vendor/laravel/framework/src/Illuminate/Container/Util.php(43): Illuminate\\Container\\BoundMethod::Illuminate\\Container\\{closure}()
#22 /home/seke9323/ksl.kenamservices.net/vendor/laravel/framework/src/Illuminate/Container/BoundMethod.php(95): Illuminate\\Container\\Util::unwrapIfClosure()
#23 /home/seke9323/ksl.kenamservices.net/vendor/laravel/framework/src/Illuminate/Container/BoundMethod.php(35): Illuminate\\Container\\BoundMethod::callBoundMethod()
#24 /home/seke9323/ksl.kenamservices.net/vendor/laravel/framework/src/Illuminate/Container/Container.php(696): Illuminate\\Container\\BoundMethod::call()
#25 /home/seke9323/ksl.kenamservices.net/vendor/laravel/framework/src/Illuminate/Console/Command.php(213): Illuminate\\Container\\Container->call()
#26 /home/seke9323/ksl.kenamservices.net/vendor/symfony/console/Command/Command.php(318): Illuminate\\Console\\Command->execute()
#27 /home/seke9323/ksl.kenamservices.net/vendor/laravel/framework/src/Illuminate/Console/Command.php(182): Symfony\\Component\\Console\\Command\\Command->run()
#28 /home/seke9323/ksl.kenamservices.net/vendor/laravel/framework/src/Illuminate/Console/Concerns/CallsCommands.php(68): Illuminate\\Console\\Command->run()
#29 /home/seke9323/ksl.kenamservices.net/vendor/laravel/framework/src/Illuminate/Console/Concerns/CallsCommands.php(29): Illuminate\\Console\\Command->runCommand()
#30 /home/seke9323/ksl.kenamservices.net/vendor/laravel/framework/src/Illuminate/Database/Console/Migrations/FreshCommand.php(82): Illuminate\\Console\\Command->call()
#31 /home/seke9323/ksl.kenamservices.net/vendor/laravel/framework/src/Illuminate/Container/BoundMethod.php(36): Illuminate\\Database\\Console\\Migrations\\FreshCommand->handle()
#32 /home/seke9323/ksl.kenamservices.net/vendor/laravel/framework/src/Illuminate/Container/Util.php(43): Illuminate\\Container\\BoundMethod::Illuminate\\Container\\{closure}()
#33 /home/seke9323/ksl.kenamservices.net/vendor/laravel/framework/src/Illuminate/Container/BoundMethod.php(95): Illuminate\\Container\\Util::unwrapIfClosure()
#34 /home/seke9323/ksl.kenamservices.net/vendor/laravel/framework/src/Illuminate/Container/BoundMethod.php(35): Illuminate\\Container\\BoundMethod::callBoundMethod()
#35 /home/seke9323/ksl.kenamservices.net/vendor/laravel/framework/src/Illuminate/Container/Container.php(696): Illuminate\\Container\\BoundMethod::call()
#36 /home/seke9323/ksl.kenamservices.net/vendor/laravel/framework/src/Illuminate/Console/Command.php(213): Illuminate\\Container\\Container->call()
#37 /home/seke9323/ksl.kenamservices.net/vendor/symfony/console/Command/Command.php(318): Illuminate\\Console\\Command->execute()
#38 /home/seke9323/ksl.kenamservices.net/vendor/laravel/framework/src/Illuminate/Console/Command.php(182): Symfony\\Component\\Console\\Command\\Command->run()
#39 /home/seke9323/ksl.kenamservices.net/vendor/symfony/console/Application.php(1110): Illuminate\\Console\\Command->run()
#40 /home/seke9323/ksl.kenamservices.net/vendor/symfony/console/Application.php(359): Symfony\\Component\\Console\\Application->doRunCommand()
#41 /home/seke9323/ksl.kenamservices.net/vendor/symfony/console/Application.php(194): Symfony\\Component\\Console\\Application->doRun()
#42 /home/seke9323/ksl.kenamservices.net/vendor/laravel/framework/src/Illuminate/Foundation/Console/Kernel.php(198): Symfony\\Component\\Console\\Application->run()
#43 /home/seke9323/ksl.kenamservices.net/vendor/laravel/framework/src/Illuminate/Foundation/Application.php(1235): Illuminate\\Foundation\\Console\\Kernel->handle()
#44 /home/seke9323/ksl.kenamservices.net/artisan(13): Illuminate\\Foundation\\Application->handleCommand()
#45 {main}

[previous exception] [object] (PDOException(code: HY000): SQLSTATE[HY000]: General error: 1005 Can't create table `seke9323_kenam`.`depense_caisses` (errno: 150 \"Foreign key constraint is incorrectly formed\") at /home/seke9323/ksl.kenamservices.net/vendor/laravel/framework/src/Illuminate/Database/Connection.php:571)
[stacktrace]
#0 /home/seke9323/ksl.kenamservices.net/vendor/laravel/framework/src/Illuminate/Database/Connection.php(571): PDOStatement->execute()
#1 /home/seke9323/ksl.kenamservices.net/vendor/laravel/framework/src/Illuminate/Database/Connection.php(812): Illuminate\\Database\\Connection->Illuminate\\Database\\{closure}()
#2 /home/seke9323/ksl.kenamservices.net/vendor/laravel/framework/src/Illuminate/Database/Connection.php(779): Illuminate\\Database\\Connection->runQueryCallback()
#3 /home/seke9323/ksl.kenamservices.net/vendor/laravel/framework/src/Illuminate/Database/Connection.php(560): Illuminate\\Database\\Connection->run()
#4 /home/seke9323/ksl.kenamservices.net/vendor/laravel/framework/src/Illuminate/Database/Schema/Blueprint.php(118): Illuminate\\Database\\Connection->statement()
#5 /home/seke9323/ksl.kenamservices.net/vendor/laravel/framework/src/Illuminate/Database/Schema/Builder.php(564): Illuminate\\Database\\Schema\\Blueprint->build()
#6 /home/seke9323/ksl.kenamservices.net/vendor/laravel/framework/src/Illuminate/Database/Schema/Builder.php(406): Illuminate\\Database\\Schema\\Builder->build()
#7 /home/seke9323/ksl.kenamservices.net/vendor/laravel/framework/src/Illuminate/Support/Facades/Facade.php(361): Illuminate\\Database\\Schema\\Builder->table()
#8 /home/seke9323/ksl.kenamservices.net/database/migrations/2025_11_26_141200_update_depense_caisses_table.php(18): Illuminate\\Support\\Facades\\Facade::__callStatic()
#9 /home/seke9323/ksl.kenamservices.net/vendor/laravel/framework/src/Illuminate/Database/Migrations/Migrator.php(507): Illuminate\\Database\\Migrations\\Migration@anonymous->up()
#10 /home/seke9323/ksl.kenamservices.net/vendor/laravel/framework/src/Illuminate/Database/Migrations/Migrator.php(432): Illuminate\\Database\\Migrations\\Migrator->runMethod()
#11 /home/seke9323/ksl.kenamservices.net/vendor/laravel/framework/src/Illuminate/Database/Migrations/Migrator.php(441): Illuminate\\Database\\Migrations\\Migrator->Illuminate\\Database\\Migrations\\{closure}()
#12 /home/seke9323/ksl.kenamservices.net/vendor/laravel/framework/src/Illuminate/Database/Migrations/Migrator.php(244): Illuminate\\Database\\Migrations\\Migrator->runMigration()
#13 /home/seke9323/ksl.kenamservices.net/vendor/laravel/framework/src/Illuminate/Console/View/Components/Task.php(40): Illuminate\\Database\\Migrations\\Migrator->Illuminate\\Database\\Migrations\\{closure}()
#14 /home/seke9323/ksl.kenamservices.net/vendor/laravel/framework/src/Illuminate/Database/Migrations/Migrator.php(798): Illuminate\\Console\\View\\Components\\Task->render()
#15 /home/seke9323/ksl.kenamservices.net/vendor/laravel/framework/src/Illuminate/Database/Migrations/Migrator.php(244): Illuminate\\Database\\Migrations\\Migrator->write()
#16 /home/seke9323/ksl.kenamservices.net/vendor/laravel/framework/src/Illuminate/Database/Migrations/Migrator.php(211): Illuminate\\Database\\Migrations\\Migrator->runUp()
#17 /home/seke9323/ksl.kenamservices.net/vendor/laravel/framework/src/Illuminate/Database/Migrations/Migrator.php(138): Illuminate\\Database\\Migrations\\Migrator->runPending()
#18 /home/seke9323/ksl.kenamservices.net/vendor/laravel/framework/src/Illuminate/Database/Console/Migrations/MigrateCommand.php(117): Illuminate\\Database\\Migrations\\Migrator->run()
#19 /home/seke9323/ksl.kenamservices.net/vendor/laravel/framework/src/Illuminate/Database/Migrations/Migrator.php(658): Illuminate\\Database\\Console\\Migrations\\MigrateCommand->Illuminate\\Database\\Console\\Migrations\\{closure}()
#20 /home/seke9323/ksl.kenamservices.net/vendor/laravel/framework/src/Illuminate/Database/Console/Migrations/MigrateCommand.php(110): Illuminate\\Database\\Migrations\\Migrator->usingConnection()
#21 /home/seke9323/ksl.kenamservices.net/vendor/laravel/framework/src/Illuminate/Database/Console/Migrations/MigrateCommand.php(89): Illuminate\\Database\\Console\\Migrations\\MigrateCommand->runMigrations()
#22 /home/seke9323/ksl.kenamservices.net/vendor/laravel/framework/src/Illuminate/Container/BoundMethod.php(36): Illuminate\\Database\\Console\\Migrations\\MigrateCommand->handle()
#23 /home/seke9323/ksl.kenamservices.net/vendor/laravel/framework/src/Illuminate/Container/Util.php(43): Illuminate\\Container\\BoundMethod::Illuminate\\Container\\{closure}()
#24 /home/seke9323/ksl.kenamservices.net/vendor/laravel/framework/src/Illuminate/Container/BoundMethod.php(95): Illuminate\\Container\\Util::unwrapIfClosure()
#25 /home/seke9323/ksl.kenamservices.net/vendor/laravel/framework/src/Illuminate/Container/BoundMethod.php(35): Illuminate\\Container\\BoundMethod::callBoundMethod()
#26 /home/seke9323/ksl.kenamservices.net/vendor/laravel/framework/src/Illuminate/Container/Container.php(696): Illuminate\\Container\\BoundMethod::call()
#27 /home/seke9323/ksl.kenamservices.net/vendor/laravel/framework/src/Illuminate/Console/Command.php(213): Illuminate\\Container\\Container->call()
#28 /home/seke9323/ksl.kenamservices.net/vendor/symfony/console/Command/Command.php(318): Illuminate\\Console\\Command->execute()
#29 /home/seke9323/ksl.kenamservices.net/vendor/laravel/framework/src/Illuminate/Console/Command.php(182): Symfony\\Component\\Console\\Command\\Command->run()
#30 /home/seke9323/ksl.kenamservices.net/vendor/laravel/framework/src/Illuminate/Console/Concerns/CallsCommands.php(68): Illuminate\\Console\\Command->run()
#31 /home/seke9323/ksl.kenamservices.net/vendor/laravel/framework/src/Illuminate/Console/Concerns/CallsCommands.php(29): Illuminate\\Console\\Command->runCommand()
#32 /home/seke9323/ksl.kenamservices.net/vendor/laravel/framework/src/Illuminate/Database/Console/Migrations/FreshCommand.php(82): Illuminate\\Console\\Command->call()
#33 /home/seke9323/ksl.kenamservices.net/vendor/laravel/framework/src/Illuminate/Container/BoundMethod.php(36): Illuminate\\Database\\Console\\Migrations\\FreshCommand->handle()
#34 /home/seke9323/ksl.kenamservices.net/vendor/laravel/framework/src/Illuminate/Container/Util.php(43): Illuminate\\Container\\BoundMethod::Illuminate\\Container\\{closure}()
#35 /home/seke9323/ksl.kenamservices.net/vendor/laravel/framework/src/Illuminate/Container/BoundMethod.php(95): Illuminate\\Container\\Util::unwrapIfClosure()
#36 /home/seke9323/ksl.kenamservices.net/vendor/laravel/framework/src/Illuminate/Container/BoundMethod.php(35): Illuminate\\Container\\BoundMethod::callBoundMethod()
#37 /home/seke9323/ksl.kenamservices.net/vendor/laravel/framework/src/Illuminate/Container/Container.php(696): Illuminate\\Container\\BoundMethod::call()
#38 /home/seke9323/ksl.kenamservices.net/vendor/laravel/framework/src/Illuminate/Console/Command.php(213): Illuminate\\Container\\Container->call()
#39 /home/seke9323/ksl.kenamservices.net/vendor/symfony/console/Command/Command.php(318): Illuminate\\Console\\Command->execute()
#40 /home/seke9323/ksl.kenamservices.net/vendor/laravel/framework/src/Illuminate/Console/Command.php(182): Symfony\\Component\\Console\\Command\\Command->run()
#41 /home/seke9323/ksl.kenamservices.net/vendor/symfony/console/Application.php(1110): Illuminate\\Console\\Command->run()
#42 /home/seke9323/ksl.kenamservices.net/vendor/symfony/console/Application.php(359): Symfony\\Component\\Console\\Application->doRunCommand()
#43 /home/seke9323/ksl.kenamservices.net/vendor/symfony/console/Application.php(194): Symfony\\Component\\Console\\Application->doRun()
#44 /home/seke9323/ksl.kenamservices.net/vendor/laravel/framework/src/Illuminate/Foundation/Console/Kernel.php(198): Symfony\\Component\\Console\\Application->run()
#45 /home/seke9323/ksl.kenamservices.net/vendor/laravel/framework/src/Illuminate/Foundation/Application.php(1235): Illuminate\\Foundation\\Console\\Kernel->handle()
#46 /home/seke9323/ksl.kenamservices.net/artisan(13): Illuminate\\Foundation\\Application->handleCommand()
#47 {main}
"} 
[2026-01-18 13:29:11] production.ERROR: SQLSTATE[42S01]: Base table or view already exists: 1050 Table 'validations' already exists (Connection: mysql, SQL: create table `validations` (`id` bigint unsigned not null auto_increment primary key, `titre` varchar(255) not null, `description` text null, `statut` enum('en_attente', 'en_cours', 'approuve', 'rejete') not null default 'en_attente', `initiateur_id` bigint unsigned not null, `validateur_id` bigint unsigned null, `commentaire` text null, `date_validation` timestamp null, `created_at` timestamp null, `updated_at` timestamp null) default character set utf8mb4 collate 'utf8mb4_unicode_ci') {"exception":"[object] (Illuminate\\Database\\QueryException(code: 42S01): SQLSTATE[42S01]: Base table or view already exists: 1050 Table 'validations' already exists (Connection: mysql, SQL: create table `validations` (`id` bigint unsigned not null auto_increment primary key, `titre` varchar(255) not null, `description` text null, `statut` enum('en_attente', 'en_cours', 'approuve', 'rejete') not null default 'en_attente', `initiateur_id` bigint unsigned not null, `validateur_id` bigint unsigned null, `commentaire` text null, `date_validation` timestamp null, `created_at` timestamp null, `updated_at` timestamp null) default character set utf8mb4 collate 'utf8mb4_unicode_ci') at /home/seke9323/ksl.kenamservices.net/vendor/laravel/framework/src/Illuminate/Database/Connection.php:825)
[stacktrace]
#0 /home/seke9323/ksl.kenamservices.net/vendor/laravel/framework/src/Illuminate/Database/Connection.php(779): Illuminate\\Database\\Connection->runQueryCallback()
#1 /home/seke9323/ksl.kenamservices.net/vendor/laravel/framework/src/Illuminate/Database/Connection.php(560): Illuminate\\Database\\Connection->run()
#2 /home/seke9323/ksl.kenamservices.net/vendor/laravel/framework/src/Illuminate/Database/Schema/Blueprint.php(118): Illuminate\\Database\\Connection->statement()
#3 /home/seke9323/ksl.kenamservices.net/vendor/laravel/framework/src/Illuminate/Database/Schema/Builder.php(564): Illuminate\\Database\\Schema\\Blueprint->build()
#4 /home/seke9323/ksl.kenamservices.net/vendor/laravel/framework/src/Illuminate/Database/Schema/Builder.php(418): Illuminate\\Database\\Schema\\Builder->build()
#5 /home/seke9323/ksl.kenamservices.net/vendor/laravel/framework/src/Illuminate/Support/Facades/Facade.php(361): Illuminate\\Database\\Schema\\Builder->create()
#6 /home/seke9323/ksl.kenamservices.net/database/migrations/2026_01_12_180030_create_validations_table.php(14): Illuminate\\Support\\Facades\\Facade::__callStatic()
#7 /home/seke9323/ksl.kenamservices.net/vendor/laravel/framework/src/Illuminate/Database/Migrations/Migrator.php(507): Illuminate\\Database\\Migrations\\Migration@anonymous->up()
#8 /home/seke9323/ksl.kenamservices.net/vendor/laravel/framework/src/Illuminate/Database/Migrations/Migrator.php(432): Illuminate\\Database\\Migrations\\Migrator->runMethod()
#9 /home/seke9323/ksl.kenamservices.net/vendor/laravel/framework/src/Illuminate/Database/Migrations/Migrator.php(441): Illuminate\\Database\\Migrations\\Migrator->Illuminate\\Database\\Migrations\\{closure}()
#10 /home/seke9323/ksl.kenamservices.net/vendor/laravel/framework/src/Illuminate/Database/Migrations/Migrator.php(244): Illuminate\\Database\\Migrations\\Migrator->runMigration()
#11 /home/seke9323/ksl.kenamservices.net/vendor/laravel/framework/src/Illuminate/Console/View/Components/Task.php(40): Illuminate\\Database\\Migrations\\Migrator->Illuminate\\Database\\Migrations\\{closure}()
#12 /home/seke9323/ksl.kenamservices.net/vendor/laravel/framework/src/Illuminate/Database/Migrations/Migrator.php(798): Illuminate\\Console\\View\\Components\\Task->render()
#13 /home/seke9323/ksl.kenamservices.net/vendor/laravel/framework/src/Illuminate/Database/Migrations/Migrator.php(244): Illuminate\\Database\\Migrations\\Migrator->write()
#14 /home/seke9323/ksl.kenamservices.net/vendor/laravel/framework/src/Illuminate/Database/Migrations/Migrator.php(211): Illuminate\\Database\\Migrations\\Migrator->runUp()
#15 /home/seke9323/ksl.kenamservices.net/vendor/laravel/framework/src/Illuminate/Database/Migrations/Migrator.php(138): Illuminate\\Database\\Migrations\\Migrator->runPending()
#16 /home/seke9323/ksl.kenamservices.net/vendor/laravel/framework/src/Illuminate/Database/Console/Migrations/MigrateCommand.php(117): Illuminate\\Database\\Migrations\\Migrator->run()
#17 /home/seke9323/ksl.kenamservices.net/vendor/laravel/framework/src/Illuminate/Database/Migrations/Migrator.php(658): Illuminate\\Database\\Console\\Migrations\\MigrateCommand->Illuminate\\Database\\Console\\Migrations\\{closure}()
#18 /home/seke9323/ksl.kenamservices.net/vendor/laravel/framework/src/Illuminate/Database/Console/Migrations/MigrateCommand.php(110): Illuminate\\Database\\Migrations\\Migrator->usingConnection()
#19 /home/seke9323/ksl.kenamservices.net/vendor/laravel/framework/src/Illuminate/Database/Console/Migrations/MigrateCommand.php(89): Illuminate\\Database\\Console\\Migrations\\MigrateCommand->runMigrations()
#20 /home/seke9323/ksl.kenamservices.net/vendor/laravel/framework/src/Illuminate/Container/BoundMethod.php(36): Illuminate\\Database\\Console\\Migrations\\MigrateCommand->handle()
#21 /home/seke9323/ksl.kenamservices.net/vendor/laravel/framework/src/Illuminate/Container/Util.php(43): Illuminate\\Container\\BoundMethod::Illuminate\\Container\\{closure}()
#22 /home/seke9323/ksl.kenamservices.net/vendor/laravel/framework/src/Illuminate/Container/BoundMethod.php(95): Illuminate\\Container\\Util::unwrapIfClosure()
#23 /home/seke9323/ksl.kenamservices.net/vendor/laravel/framework/src/Illuminate/Container/BoundMethod.php(35): Illuminate\\Container\\BoundMethod::callBoundMethod()
#24 /home/seke9323/ksl.kenamservices.net/vendor/laravel/framework/src/Illuminate/Container/Container.php(696): Illuminate\\Container\\BoundMethod::call()
#25 /home/seke9323/ksl.kenamservices.net/vendor/laravel/framework/src/Illuminate/Console/Command.php(213): Illuminate\\Container\\Container->call()
#26 /home/seke9323/ksl.kenamservices.net/vendor/symfony/console/Command/Command.php(318): Illuminate\\Console\\Command->execute()
#27 /home/seke9323/ksl.kenamservices.net/vendor/laravel/framework/src/Illuminate/Console/Command.php(182): Symfony\\Component\\Console\\Command\\Command->run()
#28 /home/seke9323/ksl.kenamservices.net/vendor/symfony/console/Application.php(1110): Illuminate\\Console\\Command->run()
#29 /home/seke9323/ksl.kenamservices.net/vendor/symfony/console/Application.php(359): Symfony\\Component\\Console\\Application->doRunCommand()
#30 /home/seke9323/ksl.kenamservices.net/vendor/symfony/console/Application.php(194): Symfony\\Component\\Console\\Application->doRun()
#31 /home/seke9323/ksl.kenamservices.net/vendor/laravel/framework/src/Illuminate/Foundation/Console/Kernel.php(198): Symfony\\Component\\Console\\Application->run()
#32 /home/seke9323/ksl.kenamservices.net/vendor/laravel/framework/src/Illuminate/Foundation/Application.php(1235): Illuminate\\Foundation\\Console\\Kernel->handle()
#33 /home/seke9323/ksl.kenamservices.net/artisan(13): Illuminate\\Foundation\\Application->handleCommand()
#34 {main}

[previous exception] [object] (PDOException(code: 42S01): SQLSTATE[42S01]: Base table or view already exists: 1050 Table 'validations' already exists at /home/seke9323/ksl.kenamservices.net/vendor/laravel/framework/src/Illuminate/Database/Connection.php:571)
[stacktrace]
#0 /home/seke9323/ksl.kenamservices.net/vendor/laravel/framework/src/Illuminate/Database/Connection.php(571): PDOStatement->execute()
#1 /home/seke9323/ksl.kenamservices.net/vendor/laravel/framework/src/Illuminate/Database/Connection.php(812): Illuminate\\Database\\Connection->Illuminate\\Database\\{closure}()
#2 /home/seke9323/ksl.kenamservices.net/vendor/laravel/framework/src/Illuminate/Database/Connection.php(779): Illuminate\\Database\\Connection->runQueryCallback()
#3 /home/seke9323/ksl.kenamservices.net/vendor/laravel/framework/src/Illuminate/Database/Connection.php(560): Illuminate\\Database\\Connection->run()
#4 /home/seke9323/ksl.kenamservices.net/vendor/laravel/framework/src/Illuminate/Database/Schema/Blueprint.php(118): Illuminate\\Database\\Connection->statement()
#5 /home/seke9323/ksl.kenamservices.net/vendor/laravel/framework/src/Illuminate/Database/Schema/Builder.php(564): Illuminate\\Database\\Schema\\Blueprint->build()
#6 /home/seke9323/ksl.kenamservices.net/vendor/laravel/framework/src/Illuminate/Database/Schema/Builder.php(418): Illuminate\\Database\\Schema\\Builder->build()
#7 /home/seke9323/ksl.kenamservices.net/vendor/laravel/framework/src/Illuminate/Support/Facades/Facade.php(361): Illuminate\\Database\\Schema\\Builder->create()
#8 /home/seke9323/ksl.kenamservices.net/database/migrations/2026_01_12_180030_create_validations_table.php(14): Illuminate\\Support\\Facades\\Facade::__callStatic()
#9 /home/seke9323/ksl.kenamservices.net/vendor/laravel/framework/src/Illuminate/Database/Migrations/Migrator.php(507): Illuminate\\Database\\Migrations\\Migration@anonymous->up()
#10 /home/seke9323/ksl.kenamservices.net/vendor/laravel/framework/src/Illuminate/Database/Migrations/Migrator.php(432): Illuminate\\Database\\Migrations\\Migrator->runMethod()
#11 /home/seke9323/ksl.kenamservices.net/vendor/laravel/framework/src/Illuminate/Database/Migrations/Migrator.php(441): Illuminate\\Database\\Migrations\\Migrator->Illuminate\\Database\\Migrations\\{closure}()
#12 /home/seke9323/ksl.kenamservices.net/vendor/laravel/framework/src/Illuminate/Database/Migrations/Migrator.php(244): Illuminate\\Database\\Migrations\\Migrator->runMigration()
#13 /home/seke9323/ksl.kenamservices.net/vendor/laravel/framework/src/Illuminate/Console/View/Components/Task.php(40): Illuminate\\Database\\Migrations\\Migrator->Illuminate\\Database\\Migrations\\{closure}()
#14 /home/seke9323/ksl.kenamservices.net/vendor/laravel/framework/src/Illuminate/Database/Migrations/Migrator.php(798): Illuminate\\Console\\View\\Components\\Task->render()
#15 /home/seke9323/ksl.kenamservices.net/vendor/laravel/framework/src/Illuminate/Database/Migrations/Migrator.php(244): Illuminate\\Database\\Migrations\\Migrator->write()
#16 /home/seke9323/ksl.kenamservices.net/vendor/laravel/framework/src/Illuminate/Database/Migrations/Migrator.php(211): Illuminate\\Database\\Migrations\\Migrator->runUp()
#17 /home/seke9323/ksl.kenamservices.net/vendor/laravel/framework/src/Illuminate/Database/Migrations/Migrator.php(138): Illuminate\\Database\\Migrations\\Migrator->runPending()
#18 /home/seke9323/ksl.kenamservices.net/vendor/laravel/framework/src/Illuminate/Database/Console/Migrations/MigrateCommand.php(117): Illuminate\\Database\\Migrations\\Migrator->run()
#19 /home/seke9323/ksl.kenamservices.net/vendor/laravel/framework/src/Illuminate/Database/Migrations/Migrator.php(658): Illuminate\\Database\\Console\\Migrations\\MigrateCommand->Illuminate\\Database\\Console\\Migrations\\{closure}()
#20 /home/seke9323/ksl.kenamservices.net/vendor/laravel/framework/src/Illuminate/Database/Console/Migrations/MigrateCommand.php(110): Illuminate\\Database\\Migrations\\Migrator->usingConnection()
#21 /home/seke9323/ksl.kenamservices.net/vendor/laravel/framework/src/Illuminate/Database/Console/Migrations/MigrateCommand.php(89): Illuminate\\Database\\Console\\Migrations\\MigrateCommand->runMigrations()
#22 /home/seke9323/ksl.kenamservices.net/vendor/laravel/framework/src/Illuminate/Container/BoundMethod.php(36): Illuminate\\Database\\Console\\Migrations\\MigrateCommand->handle()
#23 /home/seke9323/ksl.kenamservices.net/vendor/laravel/framework/src/Illuminate/Container/Util.php(43): Illuminate\\Container\\BoundMethod::Illuminate\\Container\\{closure}()
#24 /home/seke9323/ksl.kenamservices.net/vendor/laravel/framework/src/Illuminate/Container/BoundMethod.php(95): Illuminate\\Container\\Util::unwrapIfClosure()
#25 /home/seke9323/ksl.kenamservices.net/vendor/laravel/framework/src/Illuminate/Container/BoundMethod.php(35): Illuminate\\Container\\BoundMethod::callBoundMethod()
#26 /home/seke9323/ksl.kenamservices.net/vendor/laravel/framework/src/Illuminate/Container/Container.php(696): Illuminate\\Container\\BoundMethod::call()
#27 /home/seke9323/ksl.kenamservices.net/vendor/laravel/framework/src/Illuminate/Console/Command.php(213): Illuminate\\Container\\Container->call()
#28 /home/seke9323/ksl.kenamservices.net/vendor/symfony/console/Command/Command.php(318): Illuminate\\Console\\Command->execute()
#29 /home/seke9323/ksl.kenamservices.net/vendor/laravel/framework/src/Illuminate/Console/Command.php(182): Symfony\\Component\\Console\\Command\\Command->run()
#30 /home/seke9323/ksl.kenamservices.net/vendor/symfony/console/Application.php(1110): Illuminate\\Console\\Command->run()
#31 /home/seke9323/ksl.kenamservices.net/vendor/symfony/console/Application.php(359): Symfony\\Component\\Console\\Application->doRunCommand()
#32 /home/seke9323/ksl.kenamservices.net/vendor/symfony/console/Application.php(194): Symfony\\Component\\Console\\Application->doRun()
#33 /home/seke9323/ksl.kenamservices.net/vendor/laravel/framework/src/Illuminate/Foundation/Console/Kernel.php(198): Symfony\\Component\\Console\\Application->run()
#34 /home/seke9323/ksl.kenamservices.net/vendor/laravel/framework/src/Illuminate/Foundation/Application.php(1235): Illuminate\\Foundation\\Console\\Kernel->handle()
#35 /home/seke9323/ksl.kenamservices.net/artisan(13): Illuminate\\Foundation\\Application->handleCommand()
#36 {main}
"} 
[2026-01-18 13:38:12] production.ERROR: SQLSTATE[23000]: Integrity constraint violation: 1451 Cannot delete or update a parent row: a foreign key constraint fails (Connection: mysql, SQL: drop table if exists `permissions`) {"exception":"[object] (Illuminate\\Database\\QueryException(code: 23000): SQLSTATE[23000]: Integrity constraint violation: 1451 Cannot delete or update a parent row: a foreign key constraint fails (Connection: mysql, SQL: drop table if exists `permissions`) at /home/seke9323/ksl.kenamservices.net/vendor/laravel/framework/src/Illuminate/Database/Connection.php:825)
[stacktrace]
#0 /home/seke9323/ksl.kenamservices.net/vendor/laravel/framework/src/Illuminate/Database/Connection.php(779): Illuminate\\Database\\Connection->runQueryCallback()
#1 /home/seke9323/ksl.kenamservices.net/vendor/laravel/framework/src/Illuminate/Database/Connection.php(560): Illuminate\\Database\\Connection->run()
#2 /home/seke9323/ksl.kenamservices.net/vendor/laravel/framework/src/Illuminate/Database/Schema/Blueprint.php(118): Illuminate\\Database\\Connection->statement()
#3 /home/seke9323/ksl.kenamservices.net/vendor/laravel/framework/src/Illuminate/Database/Schema/Builder.php(564): Illuminate\\Database\\Schema\\Blueprint->build()
#4 /home/seke9323/ksl.kenamservices.net/vendor/laravel/framework/src/Illuminate/Database/Schema/Builder.php(446): Illuminate\\Database\\Schema\\Builder->build()
#5 /home/seke9323/ksl.kenamservices.net/vendor/laravel/framework/src/Illuminate/Support/Facades/Facade.php(361): Illuminate\\Database\\Schema\\Builder->dropIfExists()
#6 /home/seke9323/ksl.kenamservices.net/database/migrations/2025_12_14_000000_create_custom_permissions_tables.php(55): Illuminate\\Support\\Facades\\Facade::__callStatic()
#7 /home/seke9323/ksl.kenamservices.net/vendor/laravel/framework/src/Illuminate/Database/Migrations/Migrator.php(507): Illuminate\\Database\\Migrations\\Migration@anonymous->down()
#8 /home/seke9323/ksl.kenamservices.net/vendor/laravel/framework/src/Illuminate/Database/Migrations/Migrator.php(432): Illuminate\\Database\\Migrations\\Migrator->runMethod()
#9 /home/seke9323/ksl.kenamservices.net/vendor/laravel/framework/src/Illuminate/Database/Migrations/Migrator.php(441): Illuminate\\Database\\Migrations\\Migrator->Illuminate\\Database\\Migrations\\{closure}()
#10 /home/seke9323/ksl.kenamservices.net/vendor/laravel/framework/src/Illuminate/Database/Migrations/Migrator.php(407): Illuminate\\Database\\Migrations\\Migrator->runMigration()
#11 /home/seke9323/ksl.kenamservices.net/vendor/laravel/framework/src/Illuminate/Console/View/Components/Task.php(40): Illuminate\\Database\\Migrations\\Migrator->Illuminate\\Database\\Migrations\\{closure}()
#12 /home/seke9323/ksl.kenamservices.net/vendor/laravel/framework/src/Illuminate/Database/Migrations/Migrator.php(798): Illuminate\\Console\\View\\Components\\Task->render()
#13 /home/seke9323/ksl.kenamservices.net/vendor/laravel/framework/src/Illuminate/Database/Migrations/Migrator.php(407): Illuminate\\Database\\Migrations\\Migrator->write()
#14 /home/seke9323/ksl.kenamservices.net/vendor/laravel/framework/src/Illuminate/Database/Migrations/Migrator.php(330): Illuminate\\Database\\Migrations\\Migrator->runDown()
#15 /home/seke9323/ksl.kenamservices.net/vendor/laravel/framework/src/Illuminate/Database/Migrations/Migrator.php(381): Illuminate\\Database\\Migrations\\Migrator->rollbackMigrations()
#16 /home/seke9323/ksl.kenamservices.net/vendor/laravel/framework/src/Illuminate/Database/Migrations/Migrator.php(361): Illuminate\\Database\\Migrations\\Migrator->resetMigrations()
#17 /home/seke9323/ksl.kenamservices.net/vendor/laravel/framework/src/Illuminate/Database/Console/Migrations/ResetCommand.php(71): Illuminate\\Database\\Migrations\\Migrator->reset()
#18 /home/seke9323/ksl.kenamservices.net/vendor/laravel/framework/src/Illuminate/Database/Migrations/Migrator.php(658): Illuminate\\Database\\Console\\Migrations\\ResetCommand->Illuminate\\Database\\Console\\Migrations\\{closure}()
#19 /home/seke9323/ksl.kenamservices.net/vendor/laravel/framework/src/Illuminate/Database/Console/Migrations/ResetCommand.php(63): Illuminate\\Database\\Migrations\\Migrator->usingConnection()
#20 /home/seke9323/ksl.kenamservices.net/vendor/laravel/framework/src/Illuminate/Container/BoundMethod.php(36): Illuminate\\Database\\Console\\Migrations\\ResetCommand->handle()
#21 /home/seke9323/ksl.kenamservices.net/vendor/laravel/framework/src/Illuminate/Container/Util.php(43): Illuminate\\Container\\BoundMethod::Illuminate\\Container\\{closure}()
#22 /home/seke9323/ksl.kenamservices.net/vendor/laravel/framework/src/Illuminate/Container/BoundMethod.php(95): Illuminate\\Container\\Util::unwrapIfClosure()
#23 /home/seke9323/ksl.kenamservices.net/vendor/laravel/framework/src/Illuminate/Container/BoundMethod.php(35): Illuminate\\Container\\BoundMethod::callBoundMethod()
#24 /home/seke9323/ksl.kenamservices.net/vendor/laravel/framework/src/Illuminate/Container/Container.php(696): Illuminate\\Container\\BoundMethod::call()
#25 /home/seke9323/ksl.kenamservices.net/vendor/laravel/framework/src/Illuminate/Console/Command.php(213): Illuminate\\Container\\Container->call()
#26 /home/seke9323/ksl.kenamservices.net/vendor/symfony/console/Command/Command.php(318): Illuminate\\Console\\Command->execute()
#27 /home/seke9323/ksl.kenamservices.net/vendor/laravel/framework/src/Illuminate/Console/Command.php(182): Symfony\\Component\\Console\\Command\\Command->run()
#28 /home/seke9323/ksl.kenamservices.net/vendor/symfony/console/Application.php(1110): Illuminate\\Console\\Command->run()
#29 /home/seke9323/ksl.kenamservices.net/vendor/symfony/console/Application.php(359): Symfony\\Component\\Console\\Application->doRunCommand()
#30 /home/seke9323/ksl.kenamservices.net/vendor/symfony/console/Application.php(194): Symfony\\Component\\Console\\Application->doRun()
#31 /home/seke9323/ksl.kenamservices.net/vendor/laravel/framework/src/Illuminate/Foundation/Console/Kernel.php(198): Symfony\\Component\\Console\\Application->run()
#32 /home/seke9323/ksl.kenamservices.net/vendor/laravel/framework/src/Illuminate/Foundation/Application.php(1235): Illuminate\\Foundation\\Console\\Kernel->handle()
#33 /home/seke9323/ksl.kenamservices.net/artisan(13): Illuminate\\Foundation\\Application->handleCommand()
#34 {main}

[previous exception] [object] (PDOException(code: 23000): SQLSTATE[23000]: Integrity constraint violation: 1451 Cannot delete or update a parent row: a foreign key constraint fails at /home/seke9323/ksl.kenamservices.net/vendor/laravel/framework/src/Illuminate/Database/Connection.php:571)
[stacktrace]
#0 /home/seke9323/ksl.kenamservices.net/vendor/laravel/framework/src/Illuminate/Database/Connection.php(571): PDOStatement->execute()
#1 /home/seke9323/ksl.kenamservices.net/vendor/laravel/framework/src/Illuminate/Database/Connection.php(812): Illuminate\\Database\\Connection->Illuminate\\Database\\{closure}()
#2 /home/seke9323/ksl.kenamservices.net/vendor/laravel/framework/src/Illuminate/Database/Connection.php(779): Illuminate\\Database\\Connection->runQueryCallback()
#3 /home/seke9323/ksl.kenamservices.net/vendor/laravel/framework/src/Illuminate/Database/Connection.php(560): Illuminate\\Database\\Connection->run()
#4 /home/seke9323/ksl.kenamservices.net/vendor/laravel/framework/src/Illuminate/Database/Schema/Blueprint.php(118): Illuminate\\Database\\Connection->statement()
#5 /home/seke9323/ksl.kenamservices.net/vendor/laravel/framework/src/Illuminate/Database/Schema/Builder.php(564): Illuminate\\Database\\Schema\\Blueprint->build()
#6 /home/seke9323/ksl.kenamservices.net/vendor/laravel/framework/src/Illuminate/Database/Schema/Builder.php(446): Illuminate\\Database\\Schema\\Builder->build()
#7 /home/seke9323/ksl.kenamservices.net/vendor/laravel/framework/src/Illuminate/Support/Facades/Facade.php(361): Illuminate\\Database\\Schema\\Builder->dropIfExists()
#8 /home/seke9323/ksl.kenamservices.net/database/migrations/2025_12_14_000000_create_custom_permissions_tables.php(55): Illuminate\\Support\\Facades\\Facade::__callStatic()
#9 /home/seke9323/ksl.kenamservices.net/vendor/laravel/framework/src/Illuminate/Database/Migrations/Migrator.php(507): Illuminate\\Database\\Migrations\\Migration@anonymous->down()
#10 /home/seke9323/ksl.kenamservices.net/vendor/laravel/framework/src/Illuminate/Database/Migrations/Migrator.php(432): Illuminate\\Database\\Migrations\\Migrator->runMethod()
#11 /home/seke9323/ksl.kenamservices.net/vendor/laravel/framework/src/Illuminate/Database/Migrations/Migrator.php(441): Illuminate\\Database\\Migrations\\Migrator->Illuminate\\Database\\Migrations\\{closure}()
#12 /home/seke9323/ksl.kenamservices.net/vendor/laravel/framework/src/Illuminate/Database/Migrations/Migrator.php(407): Illuminate\\Database\\Migrations\\Migrator->runMigration()
#13 /home/seke9323/ksl.kenamservices.net/vendor/laravel/framework/src/Illuminate/Console/View/Components/Task.php(40): Illuminate\\Database\\Migrations\\Migrator->Illuminate\\Database\\Migrations\\{closure}()
#14 /home/seke9323/ksl.kenamservices.net/vendor/laravel/framework/src/Illuminate/Database/Migrations/Migrator.php(798): Illuminate\\Console\\View\\Components\\Task->render()
#15 /home/seke9323/ksl.kenamservices.net/vendor/laravel/framework/src/Illuminate/Database/Migrations/Migrator.php(407): Illuminate\\Database\\Migrations\\Migrator->write()
#16 /home/seke9323/ksl.kenamservices.net/vendor/laravel/framework/src/Illuminate/Database/Migrations/Migrator.php(330): Illuminate\\Database\\Migrations\\Migrator->runDown()
#17 /home/seke9323/ksl.kenamservices.net/vendor/laravel/framework/src/Illuminate/Database/Migrations/Migrator.php(381): Illuminate\\Database\\Migrations\\Migrator->rollbackMigrations()
#18 /home/seke9323/ksl.kenamservices.net/vendor/laravel/framework/src/Illuminate/Database/Migrations/Migrator.php(361): Illuminate\\Database\\Migrations\\Migrator->resetMigrations()
#19 /home/seke9323/ksl.kenamservices.net/vendor/laravel/framework/src/Illuminate/Database/Console/Migrations/ResetCommand.php(71): Illuminate\\Database\\Migrations\\Migrator->reset()
#20 /home/seke9323/ksl.kenamservices.net/vendor/laravel/framework/src/Illuminate/Database/Migrations/Migrator.php(658): Illuminate\\Database\\Console\\Migrations\\ResetCommand->Illuminate\\Database\\Console\\Migrations\\{closure}()
#21 /home/seke9323/ksl.kenamservices.net/vendor/laravel/framework/src/Illuminate/Database/Console/Migrations/ResetCommand.php(63): Illuminate\\Database\\Migrations\\Migrator->usingConnection()
#22 /home/seke9323/ksl.kenamservices.net/vendor/laravel/framework/src/Illuminate/Container/BoundMethod.php(36): Illuminate\\Database\\Console\\Migrations\\ResetCommand->handle()
#23 /home/seke9323/ksl.kenamservices.net/vendor/laravel/framework/src/Illuminate/Container/Util.php(43): Illuminate\\Container\\BoundMethod::Illuminate\\Container\\{closure}()
#24 /home/seke9323/ksl.kenamservices.net/vendor/laravel/framework/src/Illuminate/Container/BoundMethod.php(95): Illuminate\\Container\\Util::unwrapIfClosure()
#25 /home/seke9323/ksl.kenamservices.net/vendor/laravel/framework/src/Illuminate/Container/BoundMethod.php(35): Illuminate\\Container\\BoundMethod::callBoundMethod()
#26 /home/seke9323/ksl.kenamservices.net/vendor/laravel/framework/src/Illuminate/Container/Container.php(696): Illuminate\\Container\\BoundMethod::call()
#27 /home/seke9323/ksl.kenamservices.net/vendor/laravel/framework/src/Illuminate/Console/Command.php(213): Illuminate\\Container\\Container->call()
#28 /home/seke9323/ksl.kenamservices.net/vendor/symfony/console/Command/Command.php(318): Illuminate\\Console\\Command->execute()
#29 /home/seke9323/ksl.kenamservices.net/vendor/laravel/framework/src/Illuminate/Console/Command.php(182): Symfony\\Component\\Console\\Command\\Command->run()
#30 /home/seke9323/ksl.kenamservices.net/vendor/symfony/console/Application.php(1110): Illuminate\\Console\\Command->run()
#31 /home/seke9323/ksl.kenamservices.net/vendor/symfony/console/Application.php(359): Symfony\\Component\\Console\\Application->doRunCommand()
#32 /home/seke9323/ksl.kenamservices.net/vendor/symfony/console/Application.php(194): Symfony\\Component\\Console\\Application->doRun()
#33 /home/seke9323/ksl.kenamservices.net/vendor/laravel/framework/src/Illuminate/Foundation/Console/Kernel.php(198): Symfony\\Component\\Console\\Application->run()
#34 /home/seke9323/ksl.kenamservices.net/vendor/laravel/framework/src/Illuminate/Foundation/Application.php(1235): Illuminate\\Foundation\\Console\\Kernel->handle()
#35 /home/seke9323/ksl.kenamservices.net/artisan(13): Illuminate\\Foundation\\Application->handleCommand()
#36 {main}
"} 
[2026-01-18 13:41:06] production.ERROR: SQLSTATE[HY000]: General error: 1005 Can't create table `seke9323_kenam`.`depense_caisses` (errno: 150 "Foreign key constraint is incorrectly formed") (Connection: mysql, SQL: alter table `depense_caisses` add constraint `depense_caisses_compte_comptable_id_foreign` foreign key (`compte_comptable_id`) references `comptes_comptables` (`id`) on delete set null) {"exception":"[object] (Illuminate\\Database\\QueryException(code: HY000): SQLSTATE[HY000]: General error: 1005 Can't create table `seke9323_kenam`.`depense_caisses` (errno: 150 \"Foreign key constraint is incorrectly formed\") (Connection: mysql, SQL: alter table `depense_caisses` add constraint `depense_caisses_compte_comptable_id_foreign` foreign key (`compte_comptable_id`) references `comptes_comptables` (`id`) on delete set null) at /home/seke9323/ksl.kenamservices.net/vendor/laravel/framework/src/Illuminate/Database/Connection.php:825)
[stacktrace]
#0 /home/seke9323/ksl.kenamservices.net/vendor/laravel/framework/src/Illuminate/Database/Connection.php(779): Illuminate\\Database\\Connection->runQueryCallback()
#1 /home/seke9323/ksl.kenamservices.net/vendor/laravel/framework/src/Illuminate/Database/Connection.php(560): Illuminate\\Database\\Connection->run()
#2 /home/seke9323/ksl.kenamservices.net/vendor/laravel/framework/src/Illuminate/Database/Schema/Blueprint.php(118): Illuminate\\Database\\Connection->statement()
#3 /home/seke9323/ksl.kenamservices.net/vendor/laravel/framework/src/Illuminate/Database/Schema/Builder.php(564): Illuminate\\Database\\Schema\\Blueprint->build()
#4 /home/seke9323/ksl.kenamservices.net/vendor/laravel/framework/src/Illuminate/Database/Schema/Builder.php(406): Illuminate\\Database\\Schema\\Builder->build()
#5 /home/seke9323/ksl.kenamservices.net/vendor/laravel/framework/src/Illuminate/Support/Facades/Facade.php(361): Illuminate\\Database\\Schema\\Builder->table()
#6 /home/seke9323/ksl.kenamservices.net/database/migrations/2025_11_26_141200_update_depense_caisses_table.php(18): Illuminate\\Support\\Facades\\Facade::__callStatic()
#7 /home/seke9323/ksl.kenamservices.net/vendor/laravel/framework/src/Illuminate/Database/Migrations/Migrator.php(507): Illuminate\\Database\\Migrations\\Migration@anonymous->up()
#8 /home/seke9323/ksl.kenamservices.net/vendor/laravel/framework/src/Illuminate/Database/Migrations/Migrator.php(432): Illuminate\\Database\\Migrations\\Migrator->runMethod()
#9 /home/seke9323/ksl.kenamservices.net/vendor/laravel/framework/src/Illuminate/Database/Migrations/Migrator.php(441): Illuminate\\Database\\Migrations\\Migrator->Illuminate\\Database\\Migrations\\{closure}()
#10 /home/seke9323/ksl.kenamservices.net/vendor/laravel/framework/src/Illuminate/Database/Migrations/Migrator.php(244): Illuminate\\Database\\Migrations\\Migrator->runMigration()
#11 /home/seke9323/ksl.kenamservices.net/vendor/laravel/framework/src/Illuminate/Console/View/Components/Task.php(40): Illuminate\\Database\\Migrations\\Migrator->Illuminate\\Database\\Migrations\\{closure}()
#12 /home/seke9323/ksl.kenamservices.net/vendor/laravel/framework/src/Illuminate/Database/Migrations/Migrator.php(798): Illuminate\\Console\\View\\Components\\Task->render()
#13 /home/seke9323/ksl.kenamservices.net/vendor/laravel/framework/src/Illuminate/Database/Migrations/Migrator.php(244): Illuminate\\Database\\Migrations\\Migrator->write()
#14 /home/seke9323/ksl.kenamservices.net/vendor/laravel/framework/src/Illuminate/Database/Migrations/Migrator.php(211): Illuminate\\Database\\Migrations\\Migrator->runUp()
#15 /home/seke9323/ksl.kenamservices.net/vendor/laravel/framework/src/Illuminate/Database/Migrations/Migrator.php(138): Illuminate\\Database\\Migrations\\Migrator->runPending()
#16 /home/seke9323/ksl.kenamservices.net/vendor/laravel/framework/src/Illuminate/Database/Console/Migrations/MigrateCommand.php(117): Illuminate\\Database\\Migrations\\Migrator->run()
#17 /home/seke9323/ksl.kenamservices.net/vendor/laravel/framework/src/Illuminate/Database/Migrations/Migrator.php(658): Illuminate\\Database\\Console\\Migrations\\MigrateCommand->Illuminate\\Database\\Console\\Migrations\\{closure}()
#18 /home/seke9323/ksl.kenamservices.net/vendor/laravel/framework/src/Illuminate/Database/Console/Migrations/MigrateCommand.php(110): Illuminate\\Database\\Migrations\\Migrator->usingConnection()
#19 /home/seke9323/ksl.kenamservices.net/vendor/laravel/framework/src/Illuminate/Database/Console/Migrations/MigrateCommand.php(89): Illuminate\\Database\\Console\\Migrations\\MigrateCommand->runMigrations()
#20 /home/seke9323/ksl.kenamservices.net/vendor/laravel/framework/src/Illuminate/Container/BoundMethod.php(36): Illuminate\\Database\\Console\\Migrations\\MigrateCommand->handle()
#21 /home/seke9323/ksl.kenamservices.net/vendor/laravel/framework/src/Illuminate/Container/Util.php(43): Illuminate\\Container\\BoundMethod::Illuminate\\Container\\{closure}()
#22 /home/seke9323/ksl.kenamservices.net/vendor/laravel/framework/src/Illuminate/Container/BoundMethod.php(95): Illuminate\\Container\\Util::unwrapIfClosure()
#23 /home/seke9323/ksl.kenamservices.net/vendor/laravel/framework/src/Illuminate/Container/BoundMethod.php(35): Illuminate\\Container\\BoundMethod::callBoundMethod()
#24 /home/seke9323/ksl.kenamservices.net/vendor/laravel/framework/src/Illuminate/Container/Container.php(696): Illuminate\\Container\\BoundMethod::call()
#25 /home/seke9323/ksl.kenamservices.net/vendor/laravel/framework/src/Illuminate/Console/Command.php(213): Illuminate\\Container\\Container->call()
#26 /home/seke9323/ksl.kenamservices.net/vendor/symfony/console/Command/Command.php(318): Illuminate\\Console\\Command->execute()
#27 /home/seke9323/ksl.kenamservices.net/vendor/laravel/framework/src/Illuminate/Console/Command.php(182): Symfony\\Component\\Console\\Command\\Command->run()
#28 /home/seke9323/ksl.kenamservices.net/vendor/laravel/framework/src/Illuminate/Console/Concerns/CallsCommands.php(68): Illuminate\\Console\\Command->run()
#29 /home/seke9323/ksl.kenamservices.net/vendor/laravel/framework/src/Illuminate/Console/Concerns/CallsCommands.php(29): Illuminate\\Console\\Command->runCommand()
#30 /home/seke9323/ksl.kenamservices.net/vendor/laravel/framework/src/Illuminate/Database/Console/Migrations/FreshCommand.php(82): Illuminate\\Console\\Command->call()
#31 /home/seke9323/ksl.kenamservices.net/vendor/laravel/framework/src/Illuminate/Container/BoundMethod.php(36): Illuminate\\Database\\Console\\Migrations\\FreshCommand->handle()
#32 /home/seke9323/ksl.kenamservices.net/vendor/laravel/framework/src/Illuminate/Container/Util.php(43): Illuminate\\Container\\BoundMethod::Illuminate\\Container\\{closure}()
#33 /home/seke9323/ksl.kenamservices.net/vendor/laravel/framework/src/Illuminate/Container/BoundMethod.php(95): Illuminate\\Container\\Util::unwrapIfClosure()
#34 /home/seke9323/ksl.kenamservices.net/vendor/laravel/framework/src/Illuminate/Container/BoundMethod.php(35): Illuminate\\Container\\BoundMethod::callBoundMethod()
#35 /home/seke9323/ksl.kenamservices.net/vendor/laravel/framework/src/Illuminate/Container/Container.php(696): Illuminate\\Container\\BoundMethod::call()
#36 /home/seke9323/ksl.kenamservices.net/vendor/laravel/framework/src/Illuminate/Console/Command.php(213): Illuminate\\Container\\Container->call()
#37 /home/seke9323/ksl.kenamservices.net/vendor/symfony/console/Command/Command.php(318): Illuminate\\Console\\Command->execute()
#38 /home/seke9323/ksl.kenamservices.net/vendor/laravel/framework/src/Illuminate/Console/Command.php(182): Symfony\\Component\\Console\\Command\\Command->run()
#39 /home/seke9323/ksl.kenamservices.net/vendor/symfony/console/Application.php(1110): Illuminate\\Console\\Command->run()
#40 /home/seke9323/ksl.kenamservices.net/vendor/symfony/console/Application.php(359): Symfony\\Component\\Console\\Application->doRunCommand()
#41 /home/seke9323/ksl.kenamservices.net/vendor/symfony/console/Application.php(194): Symfony\\Component\\Console\\Application->doRun()
#42 /home/seke9323/ksl.kenamservices.net/vendor/laravel/framework/src/Illuminate/Foundation/Console/Kernel.php(198): Symfony\\Component\\Console\\Application->run()
#43 /home/seke9323/ksl.kenamservices.net/vendor/laravel/framework/src/Illuminate/Foundation/Application.php(1235): Illuminate\\Foundation\\Console\\Kernel->handle()
#44 /home/seke9323/ksl.kenamservices.net/artisan(13): Illuminate\\Foundation\\Application->handleCommand()
#45 {main}

[previous exception] [object] (PDOException(code: HY000): SQLSTATE[HY000]: General error: 1005 Can't create table `seke9323_kenam`.`depense_caisses` (errno: 150 \"Foreign key constraint is incorrectly formed\") at /home/seke9323/ksl.kenamservices.net/vendor/laravel/framework/src/Illuminate/Database/Connection.php:571)
[stacktrace]
#0 /home/seke9323/ksl.kenamservices.net/vendor/laravel/framework/src/Illuminate/Database/Connection.php(571): PDOStatement->execute()
#1 /home/seke9323/ksl.kenamservices.net/vendor/laravel/framework/src/Illuminate/Database/Connection.php(812): Illuminate\\Database\\Connection->Illuminate\\Database\\{closure}()
#2 /home/seke9323/ksl.kenamservices.net/vendor/laravel/framework/src/Illuminate/Database/Connection.php(779): Illuminate\\Database\\Connection->runQueryCallback()
#3 /home/seke9323/ksl.kenamservices.net/vendor/laravel/framework/src/Illuminate/Database/Connection.php(560): Illuminate\\Database\\Connection->run()
#4 /home/seke9323/ksl.kenamservices.net/vendor/laravel/framework/src/Illuminate/Database/Schema/Blueprint.php(118): Illuminate\\Database\\Connection->statement()
#5 /home/seke9323/ksl.kenamservices.net/vendor/laravel/framework/src/Illuminate/Database/Schema/Builder.php(564): Illuminate\\Database\\Schema\\Blueprint->build()
#6 /home/seke9323/ksl.kenamservices.net/vendor/laravel/framework/src/Illuminate/Database/Schema/Builder.php(406): Illuminate\\Database\\Schema\\Builder->build()
#7 /home/seke9323/ksl.kenamservices.net/vendor/laravel/framework/src/Illuminate/Support/Facades/Facade.php(361): Illuminate\\Database\\Schema\\Builder->table()
#8 /home/seke9323/ksl.kenamservices.net/database/migrations/2025_11_26_141200_update_depense_caisses_table.php(18): Illuminate\\Support\\Facades\\Facade::__callStatic()
#9 /home/seke9323/ksl.kenamservices.net/vendor/laravel/framework/src/Illuminate/Database/Migrations/Migrator.php(507): Illuminate\\Database\\Migrations\\Migration@anonymous->up()
#10 /home/seke9323/ksl.kenamservices.net/vendor/laravel/framework/src/Illuminate/Database/Migrations/Migrator.php(432): Illuminate\\Database\\Migrations\\Migrator->runMethod()
#11 /home/seke9323/ksl.kenamservices.net/vendor/laravel/framework/src/Illuminate/Database/Migrations/Migrator.php(441): Illuminate\\Database\\Migrations\\Migrator->Illuminate\\Database\\Migrations\\{closure}()
#12 /home/seke9323/ksl.kenamservices.net/vendor/laravel/framework/src/Illuminate/Database/Migrations/Migrator.php(244): Illuminate\\Database\\Migrations\\Migrator->runMigration()
#13 /home/seke9323/ksl.kenamservices.net/vendor/laravel/framework/src/Illuminate/Console/View/Components/Task.php(40): Illuminate\\Database\\Migrations\\Migrator->Illuminate\\Database\\Migrations\\{closure}()
#14 /home/seke9323/ksl.kenamservices.net/vendor/laravel/framework/src/Illuminate/Database/Migrations/Migrator.php(798): Illuminate\\Console\\View\\Components\\Task->render()
#15 /home/seke9323/ksl.kenamservices.net/vendor/laravel/framework/src/Illuminate/Database/Migrations/Migrator.php(244): Illuminate\\Database\\Migrations\\Migrator->write()
#16 /home/seke9323/ksl.kenamservices.net/vendor/laravel/framework/src/Illuminate/Database/Migrations/Migrator.php(211): Illuminate\\Database\\Migrations\\Migrator->runUp()
#17 /home/seke9323/ksl.kenamservices.net/vendor/laravel/framework/src/Illuminate/Database/Migrations/Migrator.php(138): Illuminate\\Database\\Migrations\\Migrator->runPending()
#18 /home/seke9323/ksl.kenamservices.net/vendor/laravel/framework/src/Illuminate/Database/Console/Migrations/MigrateCommand.php(117): Illuminate\\Database\\Migrations\\Migrator->run()
#19 /home/seke9323/ksl.kenamservices.net/vendor/laravel/framework/src/Illuminate/Database/Migrations/Migrator.php(658): Illuminate\\Database\\Console\\Migrations\\MigrateCommand->Illuminate\\Database\\Console\\Migrations\\{closure}()
#20 /home/seke9323/ksl.kenamservices.net/vendor/laravel/framework/src/Illuminate/Database/Console/Migrations/MigrateCommand.php(110): Illuminate\\Database\\Migrations\\Migrator->usingConnection()
#21 /home/seke9323/ksl.kenamservices.net/vendor/laravel/framework/src/Illuminate/Database/Console/Migrations/MigrateCommand.php(89): Illuminate\\Database\\Console\\Migrations\\MigrateCommand->runMigrations()
#22 /home/seke9323/ksl.kenamservices.net/vendor/laravel/framework/src/Illuminate/Container/BoundMethod.php(36): Illuminate\\Database\\Console\\Migrations\\MigrateCommand->handle()
#23 /home/seke9323/ksl.kenamservices.net/vendor/laravel/framework/src/Illuminate/Container/Util.php(43): Illuminate\\Container\\BoundMethod::Illuminate\\Container\\{closure}()
#24 /home/seke9323/ksl.kenamservices.net/vendor/laravel/framework/src/Illuminate/Container/BoundMethod.php(95): Illuminate\\Container\\Util::unwrapIfClosure()
#25 /home/seke9323/ksl.kenamservices.net/vendor/laravel/framework/src/Illuminate/Container/BoundMethod.php(35): Illuminate\\Container\\BoundMethod::callBoundMethod()
#26 /home/seke9323/ksl.kenamservices.net/vendor/laravel/framework/src/Illuminate/Container/Container.php(696): Illuminate\\Container\\BoundMethod::call()
#27 /home/seke9323/ksl.kenamservices.net/vendor/laravel/framework/src/Illuminate/Console/Command.php(213): Illuminate\\Container\\Container->call()
#28 /home/seke9323/ksl.kenamservices.net/vendor/symfony/console/Command/Command.php(318): Illuminate\\Console\\Command->execute()
#29 /home/seke9323/ksl.kenamservices.net/vendor/laravel/framework/src/Illuminate/Console/Command.php(182): Symfony\\Component\\Console\\Command\\Command->run()
#30 /home/seke9323/ksl.kenamservices.net/vendor/laravel/framework/src/Illuminate/Console/Concerns/CallsCommands.php(68): Illuminate\\Console\\Command->run()
#31 /home/seke9323/ksl.kenamservices.net/vendor/laravel/framework/src/Illuminate/Console/Concerns/CallsCommands.php(29): Illuminate\\Console\\Command->runCommand()
#32 /home/seke9323/ksl.kenamservices.net/vendor/laravel/framework/src/Illuminate/Database/Console/Migrations/FreshCommand.php(82): Illuminate\\Console\\Command->call()
#33 /home/seke9323/ksl.kenamservices.net/vendor/laravel/framework/src/Illuminate/Container/BoundMethod.php(36): Illuminate\\Database\\Console\\Migrations\\FreshCommand->handle()
#34 /home/seke9323/ksl.kenamservices.net/vendor/laravel/framework/src/Illuminate/Container/Util.php(43): Illuminate\\Container\\BoundMethod::Illuminate\\Container\\{closure}()
#35 /home/seke9323/ksl.kenamservices.net/vendor/laravel/framework/src/Illuminate/Container/BoundMethod.php(95): Illuminate\\Container\\Util::unwrapIfClosure()
#36 /home/seke9323/ksl.kenamservices.net/vendor/laravel/framework/src/Illuminate/Container/BoundMethod.php(35): Illuminate\\Container\\BoundMethod::callBoundMethod()
#37 /home/seke9323/ksl.kenamservices.net/vendor/laravel/framework/src/Illuminate/Container/Container.php(696): Illuminate\\Container\\BoundMethod::call()
#38 /home/seke9323/ksl.kenamservices.net/vendor/laravel/framework/src/Illuminate/Console/Command.php(213): Illuminate\\Container\\Container->call()
#39 /home/seke9323/ksl.kenamservices.net/vendor/symfony/console/Command/Command.php(318): Illuminate\\Console\\Command->execute()
#40 /home/seke9323/ksl.kenamservices.net/vendor/laravel/framework/src/Illuminate/Console/Command.php(182): Symfony\\Component\\Console\\Command\\Command->run()
#41 /home/seke9323/ksl.kenamservices.net/vendor/symfony/console/Application.php(1110): Illuminate\\Console\\Command->run()
#42 /home/seke9323/ksl.kenamservices.net/vendor/symfony/console/Application.php(359): Symfony\\Component\\Console\\Application->doRunCommand()
#43 /home/seke9323/ksl.kenamservices.net/vendor/symfony/console/Application.php(194): Symfony\\Component\\Console\\Application->doRun()
#44 /home/seke9323/ksl.kenamservices.net/vendor/laravel/framework/src/Illuminate/Foundation/Console/Kernel.php(198): Symfony\\Component\\Console\\Application->run()
#45 /home/seke9323/ksl.kenamservices.net/vendor/laravel/framework/src/Illuminate/Foundation/Application.php(1235): Illuminate\\Foundation\\Console\\Kernel->handle()
#46 /home/seke9323/ksl.kenamservices.net/artisan(13): Illuminate\\Foundation\\Application->handleCommand()
#47 {main}
"} 
[2026-01-18 13:46:13] production.ERROR: SQLSTATE[42S01]: Base table or view already exists: 1050 Table 'validations' already exists (Connection: mysql, SQL: create table `validations` (`id` bigint unsigned not null auto_increment primary key, `titre` varchar(255) not null, `description` text null, `statut` enum('en_attente', 'en_cours', 'approuve', 'rejete') not null default 'en_attente', `initiateur_id` bigint unsigned not null, `validateur_id` bigint unsigned null, `commentaire` text null, `date_validation` timestamp null, `created_at` timestamp null, `updated_at` timestamp null) default character set utf8mb4 collate 'utf8mb4_unicode_ci') {"exception":"[object] (Illuminate\\Database\\QueryException(code: 42S01): SQLSTATE[42S01]: Base table or view already exists: 1050 Table 'validations' already exists (Connection: mysql, SQL: create table `validations` (`id` bigint unsigned not null auto_increment primary key, `titre` varchar(255) not null, `description` text null, `statut` enum('en_attente', 'en_cours', 'approuve', 'rejete') not null default 'en_attente', `initiateur_id` bigint unsigned not null, `validateur_id` bigint unsigned null, `commentaire` text null, `date_validation` timestamp null, `created_at` timestamp null, `updated_at` timestamp null) default character set utf8mb4 collate 'utf8mb4_unicode_ci') at /home/seke9323/ksl.kenamservices.net/vendor/laravel/framework/src/Illuminate/Database/Connection.php:825)
[stacktrace]
#0 /home/seke9323/ksl.kenamservices.net/vendor/laravel/framework/src/Illuminate/Database/Connection.php(779): Illuminate\\Database\\Connection->runQueryCallback()
#1 /home/seke9323/ksl.kenamservices.net/vendor/laravel/framework/src/Illuminate/Database/Connection.php(560): Illuminate\\Database\\Connection->run()
#2 /home/seke9323/ksl.kenamservices.net/vendor/laravel/framework/src/Illuminate/Database/Schema/Blueprint.php(118): Illuminate\\Database\\Connection->statement()
#3 /home/seke9323/ksl.kenamservices.net/vendor/laravel/framework/src/Illuminate/Database/Schema/Builder.php(564): Illuminate\\Database\\Schema\\Blueprint->build()
#4 /home/seke9323/ksl.kenamservices.net/vendor/laravel/framework/src/Illuminate/Database/Schema/Builder.php(418): Illuminate\\Database\\Schema\\Builder->build()
#5 /home/seke9323/ksl.kenamservices.net/vendor/laravel/framework/src/Illuminate/Support/Facades/Facade.php(361): Illuminate\\Database\\Schema\\Builder->create()
#6 /home/seke9323/ksl.kenamservices.net/database/migrations/2026_01_12_180030_create_validations_table.php(14): Illuminate\\Support\\Facades\\Facade::__callStatic()
#7 /home/seke9323/ksl.kenamservices.net/vendor/laravel/framework/src/Illuminate/Database/Migrations/Migrator.php(507): Illuminate\\Database\\Migrations\\Migration@anonymous->up()
#8 /home/seke9323/ksl.kenamservices.net/vendor/laravel/framework/src/Illuminate/Database/Migrations/Migrator.php(432): Illuminate\\Database\\Migrations\\Migrator->runMethod()
#9 /home/seke9323/ksl.kenamservices.net/vendor/laravel/framework/src/Illuminate/Database/Migrations/Migrator.php(441): Illuminate\\Database\\Migrations\\Migrator->Illuminate\\Database\\Migrations\\{closure}()
#10 /home/seke9323/ksl.kenamservices.net/vendor/laravel/framework/src/Illuminate/Database/Migrations/Migrator.php(244): Illuminate\\Database\\Migrations\\Migrator->runMigration()
#11 /home/seke9323/ksl.kenamservices.net/vendor/laravel/framework/src/Illuminate/Console/View/Components/Task.php(40): Illuminate\\Database\\Migrations\\Migrator->Illuminate\\Database\\Migrations\\{closure}()
#12 /home/seke9323/ksl.kenamservices.net/vendor/laravel/framework/src/Illuminate/Database/Migrations/Migrator.php(798): Illuminate\\Console\\View\\Components\\Task->render()
#13 /home/seke9323/ksl.kenamservices.net/vendor/laravel/framework/src/Illuminate/Database/Migrations/Migrator.php(244): Illuminate\\Database\\Migrations\\Migrator->write()
#14 /home/seke9323/ksl.kenamservices.net/vendor/laravel/framework/src/Illuminate/Database/Migrations/Migrator.php(211): Illuminate\\Database\\Migrations\\Migrator->runUp()
#15 /home/seke9323/ksl.kenamservices.net/vendor/laravel/framework/src/Illuminate/Database/Migrations/Migrator.php(138): Illuminate\\Database\\Migrations\\Migrator->runPending()
#16 /home/seke9323/ksl.kenamservices.net/vendor/laravel/framework/src/Illuminate/Database/Console/Migrations/MigrateCommand.php(117): Illuminate\\Database\\Migrations\\Migrator->run()
#17 /home/seke9323/ksl.kenamservices.net/vendor/laravel/framework/src/Illuminate/Database/Migrations/Migrator.php(658): Illuminate\\Database\\Console\\Migrations\\MigrateCommand->Illuminate\\Database\\Console\\Migrations\\{closure}()
#18 /home/seke9323/ksl.kenamservices.net/vendor/laravel/framework/src/Illuminate/Database/Console/Migrations/MigrateCommand.php(110): Illuminate\\Database\\Migrations\\Migrator->usingConnection()
#19 /home/seke9323/ksl.kenamservices.net/vendor/laravel/framework/src/Illuminate/Database/Console/Migrations/MigrateCommand.php(89): Illuminate\\Database\\Console\\Migrations\\MigrateCommand->runMigrations()
#20 /home/seke9323/ksl.kenamservices.net/vendor/laravel/framework/src/Illuminate/Container/BoundMethod.php(36): Illuminate\\Database\\Console\\Migrations\\MigrateCommand->handle()
#21 /home/seke9323/ksl.kenamservices.net/vendor/laravel/framework/src/Illuminate/Container/Util.php(43): Illuminate\\Container\\BoundMethod::Illuminate\\Container\\{closure}()
#22 /home/seke9323/ksl.kenamservices.net/vendor/laravel/framework/src/Illuminate/Container/BoundMethod.php(95): Illuminate\\Container\\Util::unwrapIfClosure()
#23 /home/seke9323/ksl.kenamservices.net/vendor/laravel/framework/src/Illuminate/Container/BoundMethod.php(35): Illuminate\\Container\\BoundMethod::callBoundMethod()
#24 /home/seke9323/ksl.kenamservices.net/vendor/laravel/framework/src/Illuminate/Container/Container.php(696): Illuminate\\Container\\BoundMethod::call()
#25 /home/seke9323/ksl.kenamservices.net/vendor/laravel/framework/src/Illuminate/Console/Command.php(213): Illuminate\\Container\\Container->call()
#26 /home/seke9323/ksl.kenamservices.net/vendor/symfony/console/Command/Command.php(318): Illuminate\\Console\\Command->execute()
#27 /home/seke9323/ksl.kenamservices.net/vendor/laravel/framework/src/Illuminate/Console/Command.php(182): Symfony\\Component\\Console\\Command\\Command->run()
#28 /home/seke9323/ksl.kenamservices.net/vendor/symfony/console/Application.php(1110): Illuminate\\Console\\Command->run()
#29 /home/seke9323/ksl.kenamservices.net/vendor/symfony/console/Application.php(359): Symfony\\Component\\Console\\Application->doRunCommand()
#30 /home/seke9323/ksl.kenamservices.net/vendor/symfony/console/Application.php(194): Symfony\\Component\\Console\\Application->doRun()
#31 /home/seke9323/ksl.kenamservices.net/vendor/laravel/framework/src/Illuminate/Foundation/Console/Kernel.php(198): Symfony\\Component\\Console\\Application->run()
#32 /home/seke9323/ksl.kenamservices.net/vendor/laravel/framework/src/Illuminate/Foundation/Application.php(1235): Illuminate\\Foundation\\Console\\Kernel->handle()
#33 /home/seke9323/ksl.kenamservices.net/artisan(13): Illuminate\\Foundation\\Application->handleCommand()
#34 {main}

[previous exception] [object] (PDOException(code: 42S01): SQLSTATE[42S01]: Base table or view already exists: 1050 Table 'validations' already exists at /home/seke9323/ksl.kenamservices.net/vendor/laravel/framework/src/Illuminate/Database/Connection.php:571)
[stacktrace]
#0 /home/seke9323/ksl.kenamservices.net/vendor/laravel/framework/src/Illuminate/Database/Connection.php(571): PDOStatement->execute()
#1 /home/seke9323/ksl.kenamservices.net/vendor/laravel/framework/src/Illuminate/Database/Connection.php(812): Illuminate\\Database\\Connection->Illuminate\\Database\\{closure}()
#2 /home/seke9323/ksl.kenamservices.net/vendor/laravel/framework/src/Illuminate/Database/Connection.php(779): Illuminate\\Database\\Connection->runQueryCallback()
#3 /home/seke9323/ksl.kenamservices.net/vendor/laravel/framework/src/Illuminate/Database/Connection.php(560): Illuminate\\Database\\Connection->run()
#4 /home/seke9323/ksl.kenamservices.net/vendor/laravel/framework/src/Illuminate/Database/Schema/Blueprint.php(118): Illuminate\\Database\\Connection->statement()
#5 /home/seke9323/ksl.kenamservices.net/vendor/laravel/framework/src/Illuminate/Database/Schema/Builder.php(564): Illuminate\\Database\\Schema\\Blueprint->build()
#6 /home/seke9323/ksl.kenamservices.net/vendor/laravel/framework/src/Illuminate/Database/Schema/Builder.php(418): Illuminate\\Database\\Schema\\Builder->build()
#7 /home/seke9323/ksl.kenamservices.net/vendor/laravel/framework/src/Illuminate/Support/Facades/Facade.php(361): Illuminate\\Database\\Schema\\Builder->create()
#8 /home/seke9323/ksl.kenamservices.net/database/migrations/2026_01_12_180030_create_validations_table.php(14): Illuminate\\Support\\Facades\\Facade::__callStatic()
#9 /home/seke9323/ksl.kenamservices.net/vendor/laravel/framework/src/Illuminate/Database/Migrations/Migrator.php(507): Illuminate\\Database\\Migrations\\Migration@anonymous->up()
#10 /home/seke9323/ksl.kenamservices.net/vendor/laravel/framework/src/Illuminate/Database/Migrations/Migrator.php(432): Illuminate\\Database\\Migrations\\Migrator->runMethod()
#11 /home/seke9323/ksl.kenamservices.net/vendor/laravel/framework/src/Illuminate/Database/Migrations/Migrator.php(441): Illuminate\\Database\\Migrations\\Migrator->Illuminate\\Database\\Migrations\\{closure}()
#12 /home/seke9323/ksl.kenamservices.net/vendor/laravel/framework/src/Illuminate/Database/Migrations/Migrator.php(244): Illuminate\\Database\\Migrations\\Migrator->runMigration()
#13 /home/seke9323/ksl.kenamservices.net/vendor/laravel/framework/src/Illuminate/Console/View/Components/Task.php(40): Illuminate\\Database\\Migrations\\Migrator->Illuminate\\Database\\Migrations\\{closure}()
#14 /home/seke9323/ksl.kenamservices.net/vendor/laravel/framework/src/Illuminate/Database/Migrations/Migrator.php(798): Illuminate\\Console\\View\\Components\\Task->render()
#15 /home/seke9323/ksl.kenamservices.net/vendor/laravel/framework/src/Illuminate/Database/Migrations/Migrator.php(244): Illuminate\\Database\\Migrations\\Migrator->write()
#16 /home/seke9323/ksl.kenamservices.net/vendor/laravel/framework/src/Illuminate/Database/Migrations/Migrator.php(211): Illuminate\\Database\\Migrations\\Migrator->runUp()
#17 /home/seke9323/ksl.kenamservices.net/vendor/laravel/framework/src/Illuminate/Database/Migrations/Migrator.php(138): Illuminate\\Database\\Migrations\\Migrator->runPending()
#18 /home/seke9323/ksl.kenamservices.net/vendor/laravel/framework/src/Illuminate/Database/Console/Migrations/MigrateCommand.php(117): Illuminate\\Database\\Migrations\\Migrator->run()
#19 /home/seke9323/ksl.kenamservices.net/vendor/laravel/framework/src/Illuminate/Database/Migrations/Migrator.php(658): Illuminate\\Database\\Console\\Migrations\\MigrateCommand->Illuminate\\Database\\Console\\Migrations\\{closure}()
#20 /home/seke9323/ksl.kenamservices.net/vendor/laravel/framework/src/Illuminate/Database/Console/Migrations/MigrateCommand.php(110): Illuminate\\Database\\Migrations\\Migrator->usingConnection()
#21 /home/seke9323/ksl.kenamservices.net/vendor/laravel/framework/src/Illuminate/Database/Console/Migrations/MigrateCommand.php(89): Illuminate\\Database\\Console\\Migrations\\MigrateCommand->runMigrations()
#22 /home/seke9323/ksl.kenamservices.net/vendor/laravel/framework/src/Illuminate/Container/BoundMethod.php(36): Illuminate\\Database\\Console\\Migrations\\MigrateCommand->handle()
#23 /home/seke9323/ksl.kenamservices.net/vendor/laravel/framework/src/Illuminate/Container/Util.php(43): Illuminate\\Container\\BoundMethod::Illuminate\\Container\\{closure}()
#24 /home/seke9323/ksl.kenamservices.net/vendor/laravel/framework/src/Illuminate/Container/BoundMethod.php(95): Illuminate\\Container\\Util::unwrapIfClosure()
#25 /home/seke9323/ksl.kenamservices.net/vendor/laravel/framework/src/Illuminate/Container/BoundMethod.php(35): Illuminate\\Container\\BoundMethod::callBoundMethod()
#26 /home/seke9323/ksl.kenamservices.net/vendor/laravel/framework/src/Illuminate/Container/Container.php(696): Illuminate\\Container\\BoundMethod::call()
#27 /home/seke9323/ksl.kenamservices.net/vendor/laravel/framework/src/Illuminate/Console/Command.php(213): Illuminate\\Container\\Container->call()
#28 /home/seke9323/ksl.kenamservices.net/vendor/symfony/console/Command/Command.php(318): Illuminate\\Console\\Command->execute()
#29 /home/seke9323/ksl.kenamservices.net/vendor/laravel/framework/src/Illuminate/Console/Command.php(182): Symfony\\Component\\Console\\Command\\Command->run()
#30 /home/seke9323/ksl.kenamservices.net/vendor/symfony/console/Application.php(1110): Illuminate\\Console\\Command->run()
#31 /home/seke9323/ksl.kenamservices.net/vendor/symfony/console/Application.php(359): Symfony\\Component\\Console\\Application->doRunCommand()
#32 /home/seke9323/ksl.kenamservices.net/vendor/symfony/console/Application.php(194): Symfony\\Component\\Console\\Application->doRun()
#33 /home/seke9323/ksl.kenamservices.net/vendor/laravel/framework/src/Illuminate/Foundation/Console/Kernel.php(198): Symfony\\Component\\Console\\Application->run()
#34 /home/seke9323/ksl.kenamservices.net/vendor/laravel/framework/src/Illuminate/Foundation/Application.php(1235): Illuminate\\Foundation\\Console\\Kernel->handle()
#35 /home/seke9323/ksl.kenamservices.net/artisan(13): Illuminate\\Foundation\\Application->handleCommand()
#36 {main}
"} 
